Component: ARM Compiler 5.06 update 7 (build 960) Tool: armlink [4d3601]

==============================================================================

Section Cross References

    startup_stm32f40xx.o(STACK) refers (Special) to heapauxi.o(.text) for __use_two_region_memory
    startup_stm32f40xx.o(HEAP) refers (Special) to heapauxi.o(.text) for __use_two_region_memory
    startup_stm32f40xx.o(RESET) refers (Special) to heapauxi.o(.text) for __use_two_region_memory
    startup_stm32f40xx.o(RESET) refers to startup_stm32f40xx.o(STACK) for __initial_sp
    startup_stm32f40xx.o(RESET) refers to startup_stm32f40xx.o(.text) for Reset_Handler
    startup_stm32f40xx.o(RESET) refers to stm32f4xx_it.o(i.NMI_Handler) for NMI_Handler
    startup_stm32f40xx.o(RESET) refers to stm32f4xx_it.o(i.HardFault_Handler) for HardFault_Handler
    startup_stm32f40xx.o(RESET) refers to stm32f4xx_it.o(i.MemManage_Handler) for MemManage_Handler
    startup_stm32f40xx.o(RESET) refers to stm32f4xx_it.o(i.BusFault_Handler) for BusFault_Handler
    startup_stm32f40xx.o(RESET) refers to stm32f4xx_it.o(i.UsageFault_Handler) for UsageFault_Handler
    startup_stm32f40xx.o(RESET) refers to stm32f4xx_it.o(i.SVC_Handler) for SVC_Handler
    startup_stm32f40xx.o(RESET) refers to stm32f4xx_it.o(i.DebugMon_Handler) for DebugMon_Handler
    startup_stm32f40xx.o(RESET) refers to stm32f4xx_it.o(i.PendSV_Handler) for PendSV_Handler
    startup_stm32f40xx.o(RESET) refers to delay.o(i.SysTick_Handler) for SysTick_Handler
    startup_stm32f40xx.o(RESET) refers to ws2812.o(i.DMA1_Stream4_IRQHandler) for DMA1_Stream4_IRQHandler
    startup_stm32f40xx.o(RESET) refers to test_main.o(i.TIM6_DAC_IRQHandler) for TIM6_DAC_IRQHandler
    startup_stm32f40xx.o(.text) refers (Special) to heapauxi.o(.text) for __use_two_region_memory
    startup_stm32f40xx.o(.text) refers to system_stm32f4xx.o(i.SystemInit) for SystemInit
    startup_stm32f40xx.o(.text) refers to __main.o(!!!main) for __main
    startup_stm32f40xx.o(.text) refers to startup_stm32f40xx.o(HEAP) for Heap_Mem
    startup_stm32f40xx.o(.text) refers to startup_stm32f40xx.o(STACK) for Stack_Mem
    system_stm32f4xx.o(i.SystemCoreClockUpdate) refers to system_stm32f4xx.o(.data) for SystemCoreClock
    system_stm32f4xx.o(i.SystemInit) refers to system_stm32f4xx.o(i.SetSysClock) for SetSysClock
    stm32f4xx_adc.o(i.ADC_DeInit) refers to stm32f4xx_rcc.o(i.RCC_APB2PeriphResetCmd) for RCC_APB2PeriphResetCmd
    stm32f4xx_can.o(i.CAN_DeInit) refers to stm32f4xx_rcc.o(i.RCC_APB1PeriphResetCmd) for RCC_APB1PeriphResetCmd
    stm32f4xx_can.o(i.CAN_GetITStatus) refers to stm32f4xx_can.o(i.CheckITStatus) for CheckITStatus
    stm32f4xx_cryp.o(i.CRYP_DeInit) refers to stm32f4xx_rcc.o(i.RCC_AHB2PeriphResetCmd) for RCC_AHB2PeriphResetCmd
    stm32f4xx_cryp_aes.o(i.CRYP_AES_CBC) refers to stm32f4xx_cryp.o(i.CRYP_KeyStructInit) for CRYP_KeyStructInit
    stm32f4xx_cryp_aes.o(i.CRYP_AES_CBC) refers to stm32f4xx_cryp.o(i.CRYP_FIFOFlush) for CRYP_FIFOFlush
    stm32f4xx_cryp_aes.o(i.CRYP_AES_CBC) refers to stm32f4xx_cryp.o(i.CRYP_Init) for CRYP_Init
    stm32f4xx_cryp_aes.o(i.CRYP_AES_CBC) refers to stm32f4xx_cryp.o(i.CRYP_KeyInit) for CRYP_KeyInit
    stm32f4xx_cryp_aes.o(i.CRYP_AES_CBC) refers to stm32f4xx_cryp.o(i.CRYP_Cmd) for CRYP_Cmd
    stm32f4xx_cryp_aes.o(i.CRYP_AES_CBC) refers to stm32f4xx_cryp.o(i.CRYP_GetFlagStatus) for CRYP_GetFlagStatus
    stm32f4xx_cryp_aes.o(i.CRYP_AES_CBC) refers to stm32f4xx_cryp.o(i.CRYP_IVInit) for CRYP_IVInit
    stm32f4xx_cryp_aes.o(i.CRYP_AES_CBC) refers to stm32f4xx_cryp.o(i.CRYP_GetCmdStatus) for CRYP_GetCmdStatus
    stm32f4xx_cryp_aes.o(i.CRYP_AES_CBC) refers to stm32f4xx_cryp.o(i.CRYP_DataIn) for CRYP_DataIn
    stm32f4xx_cryp_aes.o(i.CRYP_AES_CBC) refers to stm32f4xx_cryp.o(i.CRYP_DataOut) for CRYP_DataOut
    stm32f4xx_cryp_aes.o(i.CRYP_AES_CCM) refers to stm32f4xx_cryp.o(i.CRYP_KeyStructInit) for CRYP_KeyStructInit
    stm32f4xx_cryp_aes.o(i.CRYP_AES_CCM) refers to stm32f4xx_cryp.o(i.CRYP_FIFOFlush) for CRYP_FIFOFlush
    stm32f4xx_cryp_aes.o(i.CRYP_AES_CCM) refers to stm32f4xx_cryp.o(i.CRYP_KeyInit) for CRYP_KeyInit
    stm32f4xx_cryp_aes.o(i.CRYP_AES_CCM) refers to stm32f4xx_cryp.o(i.CRYP_IVInit) for CRYP_IVInit
    stm32f4xx_cryp_aes.o(i.CRYP_AES_CCM) refers to stm32f4xx_cryp.o(i.CRYP_Init) for CRYP_Init
    stm32f4xx_cryp_aes.o(i.CRYP_AES_CCM) refers to stm32f4xx_cryp.o(i.CRYP_PhaseConfig) for CRYP_PhaseConfig
    stm32f4xx_cryp_aes.o(i.CRYP_AES_CCM) refers to stm32f4xx_cryp.o(i.CRYP_DataIn) for CRYP_DataIn
    stm32f4xx_cryp_aes.o(i.CRYP_AES_CCM) refers to stm32f4xx_cryp.o(i.CRYP_Cmd) for CRYP_Cmd
    stm32f4xx_cryp_aes.o(i.CRYP_AES_CCM) refers to stm32f4xx_cryp.o(i.CRYP_GetCmdStatus) for CRYP_GetCmdStatus
    stm32f4xx_cryp_aes.o(i.CRYP_AES_CCM) refers to stm32f4xx_cryp.o(i.CRYP_GetFlagStatus) for CRYP_GetFlagStatus
    stm32f4xx_cryp_aes.o(i.CRYP_AES_CCM) refers to stm32f4xx_cryp.o(i.CRYP_DataOut) for CRYP_DataOut
[...]
    .ARM.Collect$$libinit$$00000000          0x08000212   Section        2  libinit.o(.ARM.Collect$$libinit$$00000000)
    .ARM.Collect$$libinit$$00000001          0x08000214   Section        4  libinit2.o(.ARM.Collect$$libinit$$00000001)
    .ARM.Collect$$libinit$$00000004          0x08000218   Section        0  libinit2.o(.ARM.Collect$$libinit$$00000004)
    .ARM.Collect$$libinit$$0000000A          0x08000218   Section        0  libinit2.o(.ARM.Collect$$libinit$$0000000A)
    .ARM.Collect$$libinit$$0000000C          0x08000218   Section        0  libinit2.o(.ARM.Collect$$libinit$$0000000C)
    .ARM.Collect$$libinit$$0000000E          0x08000218   Section        0  libinit2.o(.ARM.Collect$$libinit$$0000000E)
    .ARM.Collect$$libinit$$00000011          0x08000218   Section        0  libinit2.o(.ARM.Collect$$libinit$$00000011)
    .ARM.Collect$$libinit$$00000013          0x08000218   Section        0  libinit2.o(.ARM.Collect$$libinit$$00000013)
    .ARM.Collect$$libinit$$00000015          0x08000218   Section        0  libinit2.o(.ARM.Collect$$libinit$$00000015)
    .ARM.Collect$$libinit$$00000017          0x08000218   Section        0  libinit2.o(.ARM.Collect$$libinit$$00000017)
    .ARM.Collect$$libinit$$00000019          0x08000218   Section        0  libinit2.o(.ARM.Collect$$libinit$$00000019)
    .ARM.Collect$$libinit$$0000001B          0x08000218   Section        0  libinit2.o(.ARM.Collect$$libinit$$0000001B)
    .ARM.Collect$$libinit$$0000001D          0x08000218   Section        0  libinit2.o(.ARM.Collect$$libinit$$0000001D)
    .ARM.Collect$$libinit$$0000001F          0x08000218   Section        0  libinit2.o(.ARM.Collect$$libinit$$0000001F)
    .ARM.Collect$$libinit$$00000021          0x08000218   Section        0  libinit2.o(.ARM.Collect$$libinit$$00000021)
    .ARM.Collect$$libinit$$00000023          0x08000218   Section        0  libinit2.o(.ARM.Collect$$libinit$$00000023)
    .ARM.Collect$$libinit$$00000025          0x08000218   Section        0  libinit2.o(.ARM.Collect$$libinit$$00000025)
    .ARM.Collect$$libinit$$0000002C          0x08000218   Section        0  libinit2.o(.ARM.Collect$$libinit$$0000002C)
    .ARM.Collect$$libinit$$0000002E          0x08000218   Section        0  libinit2.o(.ARM.Collect$$libinit$$0000002E)
    .ARM.Collect$$libinit$$00000030          0x08000218   Section        0  libinit2.o(.ARM.Collect$$libinit$$00000030)
    .ARM.Collect$$libinit$$00000032          0x08000218   Section        0  libinit2.o(.ARM.Collect$$libinit$$00000032)
    .ARM.Collect$$libinit$$00000033          0x08000218   Section        2  libinit2.o(.ARM.Collect$$libinit$$00000033)
    .ARM.Collect$$libshutdown$$00000000      0x0800021a   Section        2  libshutdown.o(.ARM.Collect$$libshutdown$$00000000)
    .ARM.Collect$$libshutdown$$00000002      0x0800021c   Section        0  libshutdown2.o(.ARM.Collect$$libshutdown$$00000002)
    .ARM.Collect$$libshutdown$$00000004      0x0800021c   Section        0  libshutdown2.o(.ARM.Collect$$libshutdown$$00000004)
    .ARM.Collect$$libshutdown$$00000006      0x0800021c   Section        0  libshutdown2.o(.ARM.Collect$$libshutdown$$00000006)
    .ARM.Collect$$libshutdown$$00000009      0x0800021c   Section        0  libshutdown2.o(.ARM.Collect$$libshutdown$$00000009)
    .ARM.Collect$$libshutdown$$0000000C      0x0800021c   Section        0  libshutdown2.o(.ARM.Collect$$libshutdown$$0000000C)
    .ARM.Collect$$libshutdown$$0000000E      0x0800021c   Section        0  libshutdown2.o(.ARM.Collect$$libshutdown$$0000000E)
    .ARM.Collect$$libshutdown$$00000011      0x0800021c   Section        0  libshutdown2.o(.ARM.Collect$$libshutdown$$00000011)
    .ARM.Collect$$libshutdown$$00000012      0x0800021c   Section        2  libshutdown2.o(.ARM.Collect$$libshutdown$$00000012)
    .ARM.Collect$$rtentry$$00000000          0x0800021e   Section        0  __rtentry.o(.ARM.Collect$$rtentry$$00000000)
    .ARM.Collect$$rtentry$$00000002          0x0800021e   Section        0  __rtentry2.o(.ARM.Collect$$rtentry$$00000002)
    .ARM.Collect$$rtentry$$00000004          0x0800021e   Section        6  __rtentry4.o(.ARM.Collect$$rtentry$$00000004)
    .ARM.Collect$$rtentry$$00000009          0x08000224   Section        0  __rtentry2.o(.ARM.Collect$$rtentry$$00000009)
    .ARM.Collect$$rtentry$$0000000A          0x08000224   Section        4  __rtentry2.o(.ARM.Collect$$rtentry$$0000000A)
    .ARM.Collect$$rtentry$$0000000C          0x08000228   Section        0  __rtentry2.o(.ARM.Collect$$rtentry$$0000000C)
    .ARM.Collect$$rtentry$$0000000D          0x08000228   Section        8  __rtentry2.o(.ARM.Collect$$rtentry$$0000000D)
    .ARM.Collect$$rtexit$$00000000           0x08000230   Section        2  rtexit.o(.ARM.Collect$$rtexit$$00000000)
    .ARM.Collect$$rtexit$$00000002           0x08000232   Section        0  rtexit2.o(.ARM.Collect$$rtexit$$00000002)
    .ARM.Collect$$rtexit$$00000003           0x08000232   Section        4  rtexit2.o(.ARM.Collect$$rtexit$$00000003)
    .ARM.Collect$$rtexit$$00000004           0x08000236   Section        6  rtexit2.o(.ARM.Collect$$rtexit$$00000004)
    .text                                    0x0800023c   Section       64  startup_stm32f40xx.o(.text)
    $v0                                      0x0800023c   Number         0  startup_stm32f40xx.o(.text)
    .text                                    0x0800027c   Section        2  use_no_semi_2.o(.text)
    .text                                    0x08000280   Section        0  noretval__2printf.o(.text)
    .text                                    0x08000298   Section        0  noretval__2sprintf.o(.text)
    .text                                    0x080002c0   Section        0  _printf_pad.o(.text)
    .text                                    0x08000310   Section        0  _printf_dec.o(.text)
    .text                                    0x08000388   Section        0  _printf_hex_int.o(.text)
    .text                                    0x080003e0   Section        0  __printf_wp.o(.text)
    .text                                    0x080004ee   Section       78  rt_memclr_w.o(.text)
    .text                                    0x0800053c   Section        0  heapauxi.o(.text)
    .text                                    0x08000542   Section        2  use_no_semi.o(.text)
    .text                                    0x08000544   Section        0  _printf_intcommon.o(.text)
    .text                                    0x080005f8   Section        0  _printf_char_common.o(.text)
    _printf_input_char                       0x080005f9   Thumb Code    10  _printf_char_common.o(.text)
    .text                                    0x08000628   Section        0  _sputc.o(.text)
    .text                                    0x08000634   Section        0  _printf_char_file.o(.text)
    .text                                    0x08000658   Section        0  ferror.o(.text)
    .text                                    0x08000660   Section       74  sys_stackheap_outer.o(.text)
    .text                                    0x080006aa   Section        0  exit.o(.text)
    .text                                    0x080006bc   Section        8  libspace.o(.text)
    i.BusFault_Handler                       0x080006c4   Section        0  stm32f4xx_it.o(i.BusFault_Handler)
    i.DMA1_Stream4_IRQHandler                0x080006c8   Section        0  ws2812.o(i.DMA1_Stream4_IRQHandler)
    i.DebugMon_Handler                       0x080006e8   Section        0  stm32f4xx_it.o(i.DebugMon_Handler)
    i.Delay                                  0x080006ea   Section        0  test_main.o(i.Delay)
    Delay                                    0x080006eb   Thumb Code    18  test_main.o(i.Delay)
    i.EXTI_Init                              0x080006fc   Section        0  stm32f4xx_exti.o(i.EXTI_Init)
    i.EncodeColorByte                        0x08000790   Section        0  ws2812.o(i.EncodeColorByte)
    EncodeColorByte                          0x08000791   Thumb Code    50  ws2812.o(i.EncodeColorByte)
    i.Encoder_TIM3_Init                      0x080007c4   Section        0  test_main.o(i.Encoder_TIM3_Init)
    i.FSMC_NORSRAMCmd                        0x0800086c   Section        0  stm32f4xx_fsmc.o(i.FSMC_NORSRAMCmd)
    i.FSMC_NORSRAMInit                       0x080008a0   Section        0  stm32f4xx_fsmc.o(i.FSMC_NORSRAMInit)
    i.GPIO_Init                              0x080009c4   Section        0  stm32f4xx_gpio.o(i.GPIO_Init)
    i.GPIO_PinAFConfig                       0x08000a54   Section        0  stm32f4xx_gpio.o(i.GPIO_PinAFConfig)
    i.GPIO_ReadInputDataBit                  0x08000a9a   Section        0  stm32f4xx_gpio.o(i.GPIO_ReadInputDataBit)
    i.GPIO_ResetBits                         0x08000aac   Section        0  stm32f4xx_gpio.o(i.GPIO_ResetBits)
    i.GPIO_SetBits                           0x08000ab0   Section        0  stm32f4xx_gpio.o(i.GPIO_SetBits)
    i.HardFault_Handler                      0x08000ab4   Section        0  stm32f4xx_it.o(i.HardFault_Handler)
    i.ILI9341_BackLed_Control                0x08000ab8   Section        0  bsp_ili9341_lcd.o(i.ILI9341_BackLed_Control)
    i.ILI9341_Clear                          0x08000adc   Section        0  bsp_ili9341_lcd.o(i.ILI9341_Clear)
    i.ILI9341_Delay                          0x08000b08   Section        0  bsp_ili9341_lcd.o(i.ILI9341_Delay)
    ILI9341_Delay                            0x08000b09   Thumb Code    18  bsp_ili9341_lcd.o(i.ILI9341_Delay)
    i.ILI9341_DispChar_EN                    0x08000b1c   Section        0  bsp_ili9341_lcd.o(i.ILI9341_DispChar_EN)
    i.ILI9341_DispStringLine_EN              0x08000bb4   Section        0  bsp_ili9341_lcd.o(i.ILI9341_DispStringLine_EN)
    i.ILI9341_DispString_EN                  0x08000c1c   Section        0  bsp_ili9341_lcd.o(i.ILI9341_DispString_EN)
    i.ILI9341_DrawCircle                     0x08000c84   Section        0  bsp_ili9341_lcd.o(i.ILI9341_DrawCircle)
    i.ILI9341_DrawLine                       0x08000dbc   Section        0  bsp_ili9341_lcd.o(i.ILI9341_DrawLine)
    i.ILI9341_DrawRectangle                  0x08000e5c   Section        0  bsp_ili9341_lcd.o(i.ILI9341_DrawRectangle)
    i.ILI9341_FSMC_Config                    0x08000ee4   Section        0  bsp_ili9341_lcd.o(i.ILI9341_FSMC_Config)
    ILI9341_FSMC_Config                      0x08000ee5   Thumb Code   116  bsp_ili9341_lcd.o(i.ILI9341_FSMC_Config)
    i.ILI9341_FillColor                      0x08000f58   Section        0  bsp_ili9341_lcd.o(i.ILI9341_FillColor)
    ILI9341_FillColor                        0x08000f59   Thumb Code    32  bsp_ili9341_lcd.o(i.ILI9341_FillColor)
    i.ILI9341_GPIO_Config                    0x08000f78   Section        0  bsp_ili9341_lcd.o(i.ILI9341_GPIO_Config)
    ILI9341_GPIO_Config                      0x08000f79   Thumb Code   538  bsp_ili9341_lcd.o(i.ILI9341_GPIO_Config)
    i.ILI9341_GramScan                       0x080011a4   Section        0  bsp_ili9341_lcd.o(i.ILI9341_GramScan)
    i.ILI9341_Init                           0x08001284   Section        0  bsp_ili9341_lcd.o(i.ILI9341_Init)
    i.ILI9341_OpenWindow                     0x080012ac   Section        0  bsp_ili9341_lcd.o(i.ILI9341_OpenWindow)
    i.ILI9341_REG_Config                     0x0800130c   Section        0  bsp_ili9341_lcd.o(i.ILI9341_REG_Config)
    ILI9341_REG_Config                       0x0800130d   Thumb Code  1098  bsp_ili9341_lcd.o(i.ILI9341_REG_Config)
    i.ILI9341_ReadID                         0x0800175c   Section        0  bsp_ili9341_lcd.o(i.ILI9341_ReadID)
    i.ILI9341_Read_Data                      0x080017e0   Section        0  bsp_ili9341_lcd.o(i.ILI9341_Read_Data)
    i.ILI9341_Rst                            0x080017e8   Section        0  bsp_ili9341_lcd.o(i.ILI9341_Rst)
    i.ILI9341_SetCursor                      0x08001814   Section        0  bsp_ili9341_lcd.o(i.ILI9341_SetCursor)
    ILI9341_SetCursor                        0x08001815   Thumb Code    20  bsp_ili9341_lcd.o(i.ILI9341_SetCursor)
    i.ILI9341_SetPointPixel                  0x08001828   Section        0  bsp_ili9341_lcd.o(i.ILI9341_SetPointPixel)
    i.ILI9341_Write_Cmd                      0x08001860   Section        0  bsp_ili9341_lcd.o(i.ILI9341_Write_Cmd)
    i.ILI9341_Write_Data                     0x08001868   Section        0  bsp_ili9341_lcd.o(i.ILI9341_Write_Data)
    i.LCD_ClearLine                          0x08001870   Section        0  bsp_ili9341_lcd.o(i.LCD_ClearLine)
    i.LCD_GetFont                            0x08001890   Section        0  bsp_ili9341_lcd.o(i.LCD_GetFont)
    i.LCD_SetColors                          0x0800189c   Section        0  bsp_ili9341_lcd.o(i.LCD_SetColors)
    i.LCD_SetFont                            0x080018b0   Section        0  bsp_ili9341_lcd.o(i.LCD_SetFont)
    i.LCD_SetTextColor                       0x080018bc   Section        0  bsp_ili9341_lcd.o(i.LCD_SetTextColor)
    i.LCD_Test                               0x080018c8   Section        0  test_main.o(i.LCD_Test)
    LCD_Test                                 0x080018c9   Thumb Code   672  test_main.o(i.LCD_Test)
    i.MemManage_Handler                      0x08001c3c   Section        0  stm32f4xx_it.o(i.MemManage_Handler)
    i.Motor_Direction_Init                   0x08001c40   Section        0  test_main.o(i.Motor_Direction_Init)
    i.NMI_Handler                            0x08001c84   Section        0  stm32f4xx_it.o(i.NMI_Handler)
    i.NVIC_Init                              0x08001c88   Section        0  misc.o(i.NVIC_Init)
    i.NVIC_PriorityGroupConfig               0x08001d00   Section        0  misc.o(i.NVIC_PriorityGroupConfig)
    i.PendSV_Handler                         0x08001d14   Section        0  stm32f4xx_it.o(i.PendSV_Handler)
    i.RCC_AHB1PeriphClockCmd                 0x08001d18   Section        0  stm32f4xx_rcc.o(i.RCC_AHB1PeriphClockCmd)
    i.RCC_AHB3PeriphClockCmd                 0x08001d38   Section        0  stm32f4xx_rcc.o(i.RCC_AHB3PeriphClockCmd)
    i.RCC_APB1PeriphClockCmd                 0x08001d58   Section        0  stm32f4xx_rcc.o(i.RCC_APB1PeriphClockCmd)
    i.RCC_APB2PeriphClockCmd                 0x08001d78   Section        0  stm32f4xx_rcc.o(i.RCC_APB2PeriphClockCmd)
    i.RefreshDmaBuffer                       0x08001d98   Section        0  ws2812.o(i.RefreshDmaBuffer)
    RefreshDmaBuffer                         0x08001d99   Thumb Code    88  ws2812.o(i.RefreshDmaBuffer)
    i.SVC_Handler                            0x08001df8   Section        0  stm32f4xx_it.o(i.SVC_Handler)
    i.SYSCFG_EXTILineConfig                  0x08001dfc   Section        0  stm32f4xx_syscfg.o(i.SYSCFG_EXTILineConfig)
    i.SetSysClock                            0x08001e3c   Section        0  system_stm32f4xx.o(i.SetSysClock)
    SetSysClock                              0x08001e3d   Thumb Code   220  system_stm32f4xx.o(i.SetSysClock)
    i.SysTick_Handler                        0x08001f28   Section        0  delay.o(i.SysTick_Handler)
    i.SystemInit                             0x08001f38   Section        0  system_stm32f4xx.o(i.SystemInit)
    i.TI1_Config                             0x08001fa0   Section        0  stm32f4xx_tim.o(i.TI1_Config)
    TI1_Config                               0x08001fa1   Thumb Code    58  stm32f4xx_tim.o(i.TI1_Config)
    i.TI2_Config                             0x08001fda   Section        0  stm32f4xx_tim.o(i.TI2_Config)
    TI2_Config                               0x08001fdb   Thumb Code    80  stm32f4xx_tim.o(i.TI2_Config)
    i.TI3_Config                             0x0800202a   Section        0  stm32f4xx_tim.o(i.TI3_Config)
    TI3_Config                               0x0800202b   Thumb Code    72  stm32f4xx_tim.o(i.TI3_Config)
    i.TI4_Config                             0x08002072   Section        0  stm32f4xx_tim.o(i.TI4_Config)
    TI4_Config                               0x08002073   Thumb Code    80  stm32f4xx_tim.o(i.TI4_Config)
    i.TIM1_PWM_Init                          0x080020c4   Section        0  test_main.o(i.TIM1_PWM_Init)
    i.TIM6_DAC_IRQHandler                    0x080021c0   Section        0  test_main.o(i.TIM6_DAC_IRQHandler)
    i.TIM_ARRPreloadConfig                   0x08002224   Section        0  stm32f4xx_tim.o(i.TIM_ARRPreloadConfig)
    i.TIM_ClearITPendingBit                  0x0800223c   Section        0  stm32f4xx_tim.o(i.TIM_ClearITPendingBit)
    i.TIM_Cmd                                0x08002242   Section        0  stm32f4xx_tim.o(i.TIM_Cmd)
    i.TIM_CtrlPWMOutputs                     0x0800225a   Section        0  stm32f4xx_tim.o(i.TIM_CtrlPWMOutputs)
    i.TIM_EncoderInterfaceConfig             0x08002278   Section        0  stm32f4xx_tim.o(i.TIM_EncoderInterfaceConfig)
    i.TIM_GetCounter                         0x080022ba   Section        0  stm32f4xx_tim.o(i.TIM_GetCounter)
    i.TIM_GetITStatus                        0x080022c0   Section        0  stm32f4xx_tim.o(i.TIM_GetITStatus)
    i.TIM_ICInit                             0x080022e2   Section        0  stm32f4xx_tim.o(i.TIM_ICInit)
    i.TIM_ICStructInit                       0x08002350   Section        0  stm32f4xx_tim.o(i.TIM_ICStructInit)
    i.TIM_ITConfig                           0x08002362   Section        0  stm32f4xx_tim.o(i.TIM_ITConfig)
    i.TIM_OC1Init                            0x08002374   Section        0  stm32f4xx_tim.o(i.TIM_OC1Init)
    i.TIM_OC1PreloadConfig                   0x080023f0   Section        0  stm32f4xx_tim.o(i.TIM_OC1PreloadConfig)
    i.TIM_OC2Init                            0x08002404   Section        0  stm32f4xx_tim.o(i.TIM_OC2Init)
    i.TIM_OC2PreloadConfig                   0x080024a8   Section        0  stm32f4xx_tim.o(i.TIM_OC2PreloadConfig)
    i.TIM_OC3Init                            0x080024c4   Section        0  stm32f4xx_tim.o(i.TIM_OC3Init)
    i.TIM_OC3PreloadConfig                   0x08002564   Section        0  stm32f4xx_tim.o(i.TIM_OC3PreloadConfig)
    i.TIM_OC4Init                            0x08002578   Section        0  stm32f4xx_tim.o(i.TIM_OC4Init)
    i.TIM_OC4PreloadConfig                   0x080025f0   Section        0  stm32f4xx_tim.o(i.TIM_OC4PreloadConfig)
    i.TIM_SetCounter                         0x0800260a   Section        0  stm32f4xx_tim.o(i.TIM_SetCounter)
    i.TIM_SetIC1Prescaler                    0x0800260e   Section        0  stm32f4xx_tim.o(i.TIM_SetIC1Prescaler)
    i.TIM_SetIC2Prescaler                    0x08002620   Section        0  stm32f4xx_tim.o(i.TIM_SetIC2Prescaler)
    i.TIM_SetIC3Prescaler                    0x0800263a   Section        0  stm32f4xx_tim.o(i.TIM_SetIC3Prescaler)
    i.TIM_SetIC4Prescaler                    0x0800264c   Section        0  stm32f4xx_tim.o(i.TIM_SetIC4Prescaler)
    i.TIM_TimeBaseInit                       0x08002668   Section        0  stm32f4xx_tim.o(i.TIM_TimeBaseInit)
    i.Timer6_Init                            0x080026ec   Section        0  test_main.o(i.Timer6_Init)
    i.USART_GetFlagStatus                    0x0800273c   Section        0  stm32f4xx_usart.o(i.USART_GetFlagStatus)
    i.USART_SendData                         0x08002756   Section        0  stm32f4xx_usart.o(i.USART_SendData)
    i.UsageFault_Handler                     0x0800275e   Section        0  stm32f4xx_it.o(i.UsageFault_Handler)
    i.WS2812_Clear                           0x08002762   Section        0  ws2812.o(i.WS2812_Clear)
    i.WS2812_Init                            0x08002774   Section        0  ws2812.o(i.WS2812_Init)
    i.WS2812_SetAll                          0x080028c4   Section        0  ws2812.o(i.WS2812_SetAll)
    i.WS2812_SetColor                        0x080028ec   Section        0  ws2812.o(i.WS2812_SetColor)
    i.WS2812_Show                            0x0800290c   Section        0  ws2812.o(i.WS2812_Show)
    i.XPT2046_DelayUS                        0x08002964   Section        0  bsp_xpt2046_lcd.o(i.XPT2046_DelayUS)
    XPT2046_DelayUS                          0x08002965   Thumb Code    30  bsp_xpt2046_lcd.o(i.XPT2046_DelayUS)
    i.XPT2046_EXTI_Config                    0x08002984   Section        0  bsp_xpt2046_lcd.o(i.XPT2046_EXTI_Config)
    XPT2046_EXTI_Config                      0x08002985   Thumb Code    88  bsp_xpt2046_lcd.o(i.XPT2046_EXTI_Config)
    i.XPT2046_EXTI_NVIC_Config               0x080029e0   Section        0  bsp_xpt2046_lcd.o(i.XPT2046_EXTI_NVIC_Config)
    XPT2046_EXTI_NVIC_Config                 0x080029e1   Thumb Code    40  bsp_xpt2046_lcd.o(i.XPT2046_EXTI_NVIC_Config)
    i.XPT2046_GPIO_SPI_Config                0x08002a08   Section        0  bsp_xpt2046_lcd.o(i.XPT2046_GPIO_SPI_Config)
    XPT2046_GPIO_SPI_Config                  0x08002a09   Thumb Code   158  bsp_xpt2046_lcd.o(i.XPT2046_GPIO_SPI_Config)
    i.XPT2046_Get_TouchedPoint               0x08002ab0   Section        0  bsp_xpt2046_lcd.o(i.XPT2046_Get_TouchedPoint)
    i.XPT2046_Init                           0x08002bbc   Section        0  bsp_xpt2046_lcd.o(i.XPT2046_Init)
    i.XPT2046_ReadAdc                        0x08002bc8   Section        0  bsp_xpt2046_lcd.o(i.XPT2046_ReadAdc)
    XPT2046_ReadAdc                          0x08002bc9   Thumb Code    16  bsp_xpt2046_lcd.o(i.XPT2046_ReadAdc)
    i.XPT2046_ReadAdc_Smooth_XY              0x08002bd8   Section        0  bsp_xpt2046_lcd.o(i.XPT2046_ReadAdc_Smooth_XY)
    XPT2046_ReadAdc_Smooth_XY                0x08002bd9   Thumb Code   340  bsp_xpt2046_lcd.o(i.XPT2046_ReadAdc_Smooth_XY)
    i.XPT2046_ReadAdc_XY                     0x08002d34   Section        0  bsp_xpt2046_lcd.o(i.XPT2046_ReadAdc_XY)
    XPT2046_ReadAdc_XY                       0x08002d35   Thumb Code    38  bsp_xpt2046_lcd.o(i.XPT2046_ReadAdc_XY)
    i.XPT2046_ReadCMD                        0x08002d5c   Section        0  bsp_xpt2046_lcd.o(i.XPT2046_ReadCMD)
    XPT2046_ReadCMD                          0x08002d5d   Thumb Code    76  bsp_xpt2046_lcd.o(i.XPT2046_ReadCMD)
    i.XPT2046_WriteCMD                       0x08002db0   Section        0  bsp_xpt2046_lcd.o(i.XPT2046_WriteCMD)
    XPT2046_WriteCMD                         0x08002db1   Thumb Code   100  bsp_xpt2046_lcd.o(i.XPT2046_WriteCMD)
    i._is_digit                              0x08002e1c   Section        0  __printf_wp.o(i._is_digit)
    i._sys_exit                              0x08002e2a   Section        0  bsp_debug_usart.o(i._sys_exit)
    i.delay_ms                               0x08002e2e   Section        0  delay.o(i.delay_ms)
    i.delay_xms                              0x08002e68   Section        0  delay.o(i.delay_xms)
    i.fputc                                  0x08002eb4   Section        0  bsp_debug_usart.o(i.fputc)
    i.main                                   0x08002ee4   Section        0  test_main.o(i.main)
    x$fpl$dadd                               0x08003018   Section      336  daddsub_clz.o(x$fpl$dadd)
    $v0                                      0x08003018   Number         0  daddsub_clz.o(x$fpl$dadd)
    _dadd1                                   0x08003029   Thumb Code     0  daddsub_clz.o(x$fpl$dadd)
    x$fpl$dfixu                              0x08003168   Section       90  dfixu.o(x$fpl$dfixu)
    $v0                                      0x08003168   Number         0  dfixu.o(x$fpl$dfixu)
    x$fpl$dfltu                              0x080031c2   Section       38  dflt_clz.o(x$fpl$dfltu)
    $v0                                      0x080031c2   Number         0  dflt_clz.o(x$fpl$dfltu)
    x$fpl$dmul                               0x080031e8   Section      340  dmul.o(x$fpl$dmul)
    $v0                                      0x080031e8   Number         0  dmul.o(x$fpl$dmul)
    x$fpl$dnaninf                            0x0800333c   Section      156  dnaninf.o(x$fpl$dnaninf)
    $v0                                      0x0800333c   Number         0  dnaninf.o(x$fpl$dnaninf)
    x$fpl$dretinf                            0x080033d8   Section       12  dretinf.o(x$fpl$dretinf)
    $v0                                      0x080033d8   Number         0  dretinf.o(x$fpl$dretinf)
    x$fpl$dsub                               0x080033e4   Section      468  daddsub_clz.o(x$fpl$dsub)
    $v0                                      0x080033e4   Number         0  daddsub_clz.o(x$fpl$dsub)
    _dsub1                                   0x080033f5   Thumb Code     0  daddsub_clz.o(x$fpl$dsub)
    x$fpl$fpinit                             0x080035b8   Section       10  fpinit.o(x$fpl$fpinit)
    $v0                                      0x080035b8   Number         0  fpinit.o(x$fpl$fpinit)
    x$fpl$usenofp                            0x080035c2   Section        0  usenofp.o(x$fpl$usenofp)
    .constdata                               0x080035c4   Section        7  test_main.o(.constdata)
    .constdata                               0x080035cb   Section    15200  fonts.o(.constdata)
    .constdata                               0x0800712b   Section       40  _printf_hex_int.o(.constdata)
    uc_hextab                                0x0800712b   Data          20  _printf_hex_int.o(.constdata)
    lc_hextab                                0x0800713f   Data          20  _printf_hex_int.o(.constdata)
    .data                                    0x20000000   Section        8  delay.o(.data)
    fac_us                                   0x20000000   Data           1  delay.o(.data)
    fac_ms                                   0x20000002   Data           2  delay.o(.data)
    SYSTEM_TICK                              0x20000004   Data           4  delay.o(.data)
    .data                                    0x20000008   Section        5  test_main.o(.data)
    testCNT                                  0x2000000c   Data           1  test_main.o(.data)
    .data                                    0x20000010   Section       24  fonts.o(.data)
    .data                                    0x20000028   Section       16  bsp_ili9341_lcd.o(.data)
    LCD_Currentfonts                         0x20000030   Data           4  bsp_ili9341_lcd.o(.data)
    CurrentTextColor                         0x20000034   Data           2  bsp_ili9341_lcd.o(.data)
    CurrentBackColor                         0x20000036   Data           2  bsp_ili9341_lcd.o(.data)
    .data                                    0x20000038   Section        4  bsp_debug_usart.o(.data)
    .data                                    0x20000040   Section       49  bsp_xpt2046_lcd.o(.data)
    .data                                    0x20000071   Section        1  ws2812.o(.data)
    s_dmaRunning                             0x20000071   Data           1  ws2812.o(.data)
    .bss                                     0x20000074   Section      232  ws2812.o(.bss)
    s_dmaBuf                                 0x20000074   Data         184  ws2812.o(.bss)
    s_ledBuf                                 0x2000012c   Data          48  ws2812.o(.bss)
    .bss                                     0x2000015c   Section       96  libspace.o(.bss)
    HEAP                                     0x200001c0   Section      512  startup_stm32f40xx.o(HEAP)
    Heap_Mem                                 0x200001c0   Data         512  startup_stm32f40xx.o(HEAP)
    STACK                                    0x200003c0   Section     1024  startup_stm32f40xx.o(STACK)
    Stack_Mem                                0x200003c0   Data        1024  startup_stm32f40xx.o(STACK)
    __initial_sp                             0x200007c0   Data           0  startup_stm32f40xx.o(STACK)

    Global Symbols

    Symbol Name                              Value     Ov Type        Size  Object(Section)

    BuildAttributes$$THM_ISAv4$E$P$D$K$B$S$7EM$VFPi3$EXTD16$VFPS$VFMA$PE$A:L22UL41UL21$X:L11$S22US41US21$IEEE1$IW$USESV6$~STKCKD$USESV7$~SHL$OSPACE$ROPI$EBA8$UX$STANDARDLIB$REQ8$PRES8$EABIv2 0x00000000   Number         0  anon$$obj.o ABSOLUTE
    __ARM_use_no_argv                        0x00000000   Number         0  test_main.o ABSOLUTE
    _printf_flags                            0x00000000   Number         0  printf_stubs.o ABSOLUTE
    _printf_return_value                     0x00000000   Number         0  printf_stubs.o ABSOLUTE
    _printf_sizespec                         0x00000000   Number         0  printf_stubs.o ABSOLUTE
    _printf_widthprec                        0x00000000   Number         0  printf_stubs.o ABSOLUTE
    __ARM_exceptions_init                     - Undefined Weak Reference
    __alloca_initialize                       - Undefined Weak Reference
    __arm_fini_                               - Undefined Weak Reference
    __arm_preinit_                            - Undefined Weak Reference
    __cpp_initialize__aeabi_                  - Undefined Weak Reference
    __cxa_finalize                            - Undefined Weak Reference
    __rt_locale                               - Undefined Weak Reference
    __sigvec_lookup                           - Undefined Weak Reference
    _atexit_init                              - Undefined Weak Reference
    _call_atexit_fns                          - Undefined Weak Reference
    _clock_init                               - Undefined Weak Reference
    _fp_trap_init                             - Undefined Weak Reference
    _fp_trap_shutdown                         - Undefined Weak Reference
    _get_lc_collate                           - Undefined Weak Reference
    _get_lc_ctype                             - Undefined Weak Reference
    _get_lc_monetary                          - Undefined Weak Reference
    _get_lc_numeric                           - Undefined Weak Reference
    _get_lc_time                              - Undefined Weak Reference
    _getenv_init                              - Undefined Weak Reference
    _handle_redirection                       - Undefined Weak Reference
    _init_alloc                               - Undefined Weak Reference
    _init_user_alloc                          - Undefined Weak Reference
    _initio                                   - Undefined Weak Reference
    _mutex_acquire                            - Undefined Weak Reference
    _mutex_release                            - Undefined Weak Reference
    _printf_truncate_signed                   - Undefined Weak Reference
    _printf_truncate_unsigned                 - Undefined Weak Reference
    _rand_init                                - Undefined Weak Reference
    _signal_finish                            - Undefined Weak Reference
    _signal_init                              - Undefined Weak Reference
    _terminate_alloc                          - Undefined Weak Reference
    _terminate_user_alloc                     - Undefined Weak Reference
    _terminateio                              - Undefined Weak Reference
    __Vectors_Size                           0x00000188   Number         0  startup_stm32f40xx.o ABSOLUTE
    __Vectors                                0x08000000   Data           4  startup_stm32f40xx.o(RESET)
    __Vectors_End                            0x08000188   Data           0  startup_stm32f40xx.o(RESET)
    __main                                   0x08000189   Thumb Code     8  __main.o(!!!main)
    __scatterload                            0x08000191   Thumb Code     0  __scatter.o(!!!scatter)
    __scatterload_rt2                        0x08000191   Thumb Code    44  __scatter.o(!!!scatter)
    __scatterload_rt2_thumb_only             0x08000191   Thumb Code     0  __scatter.o(!!!scatter)
    __scatterload_null                       0x0800019f   Thumb Code     0  __scatter.o(!!!scatter)
    __scatterload_copy                       0x080001c5   Thumb Code    26  __scatter_copy.o(!!handler_copy)
    __scatterload_zeroinit                   0x080001e1   Thumb Code    28  __scatter_zi.o(!!handler_zi)
    _printf_d                                0x080001fd   Thumb Code     0  _printf_d.o(.ARM.Collect$$_printf_percent$$00000009)
    _printf_percent                          0x080001fd   Thumb Code     0  _printf_percent.o(.ARM.Collect$$_printf_percent$$00000000)
    _printf_u                                0x08000203   Thumb Code     0  _printf_u.o(.ARM.Collect$$_printf_percent$$0000000A)
    _printf_x                                0x08000209   Thumb Code     0  _printf_x.o(.ARM.Collect$$_printf_percent$$0000000C)
    _printf_percent_end                      0x0800020f   Thumb Code     0  _printf_percent_end.o(.ARM.Collect$$_printf_percent$$00000017)
    __rt_lib_init                            0x08000213   Thumb Code     0  libinit.o(.ARM.Collect$$libinit$$00000000)
    __rt_lib_init_fp_1                       0x08000215   Thumb Code     0  libinit2.o(.ARM.Collect$$libinit$$00000001)
    __rt_lib_init_alloca_1                   0x08000219   Thumb Code     0  libinit2.o(.ARM.Collect$$libinit$$0000002E)
    __rt_lib_init_argv_1                     0x08000219   Thumb Code     0  libinit2.o(.ARM.Collect$$libinit$$0000002C)
    __rt_lib_init_atexit_1                   0x08000219   Thumb Code     0  libinit2.o(.ARM.Collect$$libinit$$0000001B)
    __rt_lib_init_clock_1                    0x08000219   Thumb Code     0  libinit2.o(.ARM.Collect$$libinit$$00000021)
    __rt_lib_init_cpp_1                      0x08000219   Thumb Code     0  libinit2.o(.ARM.Collect$$libinit$$00000032)
    __rt_lib_init_exceptions_1               0x08000219   Thumb Code     0  libinit2.o(.ARM.Collect$$libinit$$00000030)
    __rt_lib_init_fp_trap_1                  0x08000219   Thumb Code     0  libinit2.o(.ARM.Collect$$libinit$$0000001F)
    __rt_lib_init_getenv_1                   0x08000219   Thumb Code     0  libinit2.o(.ARM.Collect$$libinit$$00000023)
    __rt_lib_init_heap_1                     0x08000219   Thumb Code     0  libinit2.o(.ARM.Collect$$libinit$$0000000A)
    __rt_lib_init_lc_collate_1               0x08000219   Thumb Code     0  libinit2.o(.ARM.Collect$$libinit$$00000011)
    __rt_lib_init_lc_ctype_1                 0x08000219   Thumb Code     0  libinit2.o(.ARM.Collect$$libinit$$00000013)
    __rt_lib_init_lc_monetary_1              0x08000219   Thumb Code     0  libinit2.o(.ARM.Collect$$libinit$$00000015)
    __rt_lib_init_lc_numeric_1               0x08000219   Thumb Code     0  libinit2.o(.ARM.Collect$$libinit$$00000017)
    __rt_lib_init_lc_time_1                  0x08000219   Thumb Code     0  libinit2.o(.ARM.Collect$$libinit$$00000019)
    __rt_lib_init_preinit_1                  0x08000219   Thumb Code     0  libinit2.o(.ARM.Collect$$libinit$$00000004)
    __rt_lib_init_rand_1                     0x08000219   Thumb Code     0  libinit2.o(.ARM.Collect$$libinit$$0000000E)
    __rt_lib_init_return                     0x08000219   Thumb Code     0  libinit2.o(.ARM.Collect$$libinit$$00000033)
    __rt_lib_init_signal_1                   0x08000219   Thumb Code     0  libinit2.o(.ARM.Collect$$libinit$$0000001D)
    __rt_lib_init_stdio_1                    0x08000219   Thumb Code     0  libinit2.o(.ARM.Collect$$libinit$$00000025)
    __rt_lib_init_user_alloc_1               0x08000219   Thumb Code     0  libinit2.o(.ARM.Collect$$libinit$$0000000C)
    __rt_lib_shutdown                        0x0800021b   Thumb Code     0  libshutdown.o(.ARM.Collect$$libshutdown$$00000000)
    __rt_lib_shutdown_cpp_1                  0x0800021d   Thumb Code     0  libshutdown2.o(.ARM.Collect$$libshutdown$$00000004)
    __rt_lib_shutdown_fini_1                 0x0800021d   Thumb Code     0  libshutdown2.o(.ARM.Collect$$libshutdown$$00000002)
    __rt_lib_shutdown_fp_trap_1              0x0800021d   Thumb Code     0  libshutdown2.o(.ARM.Collect$$libshutdown$$00000009)
    __rt_lib_shutdown_heap_1                 0x0800021d   Thumb Code     0  libshutdown2.o(.ARM.Collect$$libshutdown$$00000011)
    __rt_lib_shutdown_return                 0x0800021d   Thumb Code     0  libshutdown2.o(.ARM.Collect$$libshutdown$$00000012)
    __rt_lib_shutdown_signal_1               0x0800021d   Thumb Code     0  libshutdown2.o(.ARM.Collect$$libshutdown$$0000000C)
    __rt_lib_shutdown_stdio_1                0x0800021d   Thumb Code     0  libshutdown2.o(.ARM.Collect$$libshutdown$$00000006)
    __rt_lib_shutdown_user_alloc_1           0x0800021d   Thumb Code     0  libshutdown2.o(.ARM.Collect$$libshutdown$$0000000E)
    __rt_entry                               0x0800021f   Thumb Code     0  __rtentry.o(.ARM.Collect$$rtentry$$00000000)
    __rt_entry_presh_1                       0x0800021f   Thumb Code     0  __rtentry2.o(.ARM.Collect$$rtentry$$00000002)
    __rt_entry_sh                            0x0800021f   Thumb Code     0  __rtentry4.o(.ARM.Collect$$rtentry$$00000004)
    __rt_entry_li                            0x08000225   Thumb Code     0  __rtentry2.o(.ARM.Collect$$rtentry$$0000000A)
    __rt_entry_postsh_1                      0x08000225   Thumb Code     0  __rtentry2.o(.ARM.Collect$$rtentry$$00000009)
    __rt_entry_main                          0x08000229   Thumb Code     0  __rtentry2.o(.ARM.Collect$$rtentry$$0000000D)
    __rt_entry_postli_1                      0x08000229   Thumb Code     0  __rtentry2.o(.ARM.Collect$$rtentry$$0000000C)
    __rt_exit                                0x08000231   Thumb Code     0  rtexit.o(.ARM.Collect$$rtexit$$00000000)
    __rt_exit_ls                             0x08000233   Thumb Code     0  rtexit2.o(.ARM.Collect$$rtexit$$00000003)
    __rt_exit_prels_1                        0x08000233   Thumb Code     0  rtexit2.o(.ARM.Collect$$rtexit$$00000002)
    __rt_exit_exit                           0x08000237   Thumb Code     0  rtexit2.o(.ARM.Collect$$rtexit$$00000004)
    Reset_Handler                            0x0800023d   Thumb Code     8  startup_stm32f40xx.o(.text)
    ADC_IRQHandler                           0x08000257   Thumb Code     0  startup_stm32f40xx.o(.text)
    CAN1_RX0_IRQHandler                      0x08000257   Thumb Code     0  startup_stm32f40xx.o(.text)
    CAN1_RX1_IRQHandler                      0x08000257   Thumb Code     0  startup_stm32f40xx.o(.text)
    CAN1_SCE_IRQHandler                      0x08000257   Thumb Code     0  startup_stm32f40xx.o(.text)
    CAN1_TX_IRQHandler                       0x08000257   Thumb Code     0  startup_stm32f40xx.o(.text)
    CAN2_RX0_IRQHandler                      0x08000257   Thumb Code     0  startup_stm32f40xx.o(.text)
    CAN2_RX1_IRQHandler                      0x08000257   Thumb Code     0  startup_stm32f40xx.o(.text)
    CAN2_SCE_IRQHandler                      0x08000257   Thumb Code     0  startup_stm32f40xx.o(.text)
    CAN2_TX_IRQHandler                       0x08000257   Thumb Code     0  startup_stm32f40xx.o(.text)
    CRYP_IRQHandler                          0x08000257   Thumb Code     0  startup_stm32f40xx.o(.text)
    DCMI_IRQHandler                          0x08000257   Thumb Code     0  startup_stm32f40xx.o(.text)
    DMA1_Stream0_IRQHandler                  0x08000257   Thumb Code     0  startup_stm32f40xx.o(.text)
    DMA1_Stream1_IRQHandler                  0x08000257   Thumb Code     0  startup_stm32f40xx.o(.text)
    DMA1_Stream2_IRQHandler                  0x08000257   Thumb Code     0  startup_stm32f40xx.o(.text)
    DMA1_Stream3_IRQHandler                  0x08000257   Thumb Code     0  startup_stm32f40xx.o(.text)
    DMA1_Stream5_IRQHandler                  0x08000257   Thumb Code     0  startup_stm32f40xx.o(.text)
    DMA1_Stream6_IRQHandler                  0x08000257   Thumb Code     0  startup_stm32f40xx.o(.text)
    DMA1_Stream7_IRQHandler                  0x08000257   Thumb Code     0  startup_stm32f40xx.o(.text)
    DMA2_Stream0_IRQHandler                  0x08000257   Thumb Code     0  startup_stm32f40xx.o(.text)
    DMA2_Stream1_IRQHandler                  0x08000257   Thumb Code     0  startup_stm32f40xx.o(.text)
    DMA2_Stream2_IRQHandler                  0x08000257   Thumb Code     0  startup_stm32f40xx.o(.text)
    DMA2_Stream3_IRQHandler                  0x08000257   Thumb Code     0  startup_stm32f40xx.o(.text)
    DMA2_Stream4_IRQHandler                  0x08000257   Thumb Code     0  startup_stm32f40xx.o(.text)
    DMA2_Stream5_IRQHandler                  0x08000257   Thumb Code     0  startup_stm32f40xx.o(.text)
    DMA2_Stream6_IRQHandler                  0x08000257   Thumb Code     0  startup_stm32f40xx.o(.text)
    DMA2_Stream7_IRQHandler                  0x08000257   Thumb Code     0  startup_stm32f40xx.o(.text)
    ETH_IRQHandler                           0x08000257   Thumb Code     0  startup_stm32f40xx.o(.text)
    ETH_WKUP_IRQHandler                      0x08000257   Thumb Code     0  startup_stm32f40xx.o(.text)
    EXTI0_IRQHandler                         0x08000257   Thumb Code     0  startup_stm32f40xx.o(.text)
    EXTI15_10_IRQHandler                     0x08000257   Thumb Code     0  startup_stm32f40xx.o(.text)
    EXTI1_IRQHandler                         0x08000257   Thumb Code     0  startup_stm32f40xx.o(.text)
    EXTI2_IRQHandler                         0x08000257   Thumb Code     0  startup_stm32f40xx.o(.text)
    EXTI3_IRQHandler                         0x08000257   Thumb Code     0  startup_stm32f40xx.o(.text)
    EXTI4_IRQHandler                         0x08000257   Thumb Code     0  startup_stm32f40xx.o(.text)
    EXTI9_5_IRQHandler                       0x08000257   Thumb Code     0  startup_stm32f40xx.o(.text)
    FLASH_IRQHandler                         0x08000257   Thumb Code     0  startup_stm32f40xx.o(.text)
    FPU_IRQHandler                           0x08000257   Thumb Code     0  startup_stm32f40xx.o(.text)
    FSMC_IRQHandler                          0x08000257   Thumb Code     0  startup_stm32f40xx.o(.text)
    HASH_RNG_IRQHandler                      0x08000257   Thumb Code     0  startup_stm32f40xx.o(.text)
    I2C1_ER_IRQHandler                       0x08000257   Thumb Code     0  startup_stm32f40xx.o(.text)
    I2C1_EV_IRQHandler                       0x08000257   Thumb Code     0  startup_stm32f40xx.o(.text)
    I2C2_ER_IRQHandler                       0x08000257   Thumb Code     0  startup_stm32f40xx.o(.text)
    I2C2_EV_IRQHandler                       0x08000257   Thumb Code     0  startup_stm32f40xx.o(.text)
    I2C3_ER_IRQHandler                       0x08000257   Thumb Code     0  startup_stm32f40xx.o(.text)
    I2C3_EV_IRQHandler                       0x08000257   Thumb Code     0  startup_stm32f40xx.o(.text)
    OTG_FS_IRQHandler                        0x08000257   Thumb Code     0  startup_stm32f40xx.o(.text)
    OTG_FS_WKUP_IRQHandler                   0x08000257   Thumb Code     0  startup_stm32f40xx.o(.text)
    OTG_HS_EP1_IN_IRQHandler                 0x08000257   Thumb Code     0  startup_stm32f40xx.o(.text)
    OTG_HS_EP1_OUT_IRQHandler                0x08000257   Thumb Code     0  startup_stm32f40xx.o(.text)
    OTG_HS_IRQHandler                        0x08000257   Thumb Code     0  startup_stm32f40xx.o(.text)
    OTG_HS_WKUP_IRQHandler                   0x08000257   Thumb Code     0  startup_stm32f40xx.o(.text)
    PVD_IRQHandler                           0x08000257   Thumb Code     0  startup_stm32f40xx.o(.text)
    RCC_IRQHandler                           0x08000257   Thumb Code     0  startup_stm32f40xx.o(.text)
    RTC_Alarm_IRQHandler                     0x08000257   Thumb Code     0  startup_stm32f40xx.o(.text)
    RTC_WKUP_IRQHandler                      0x08000257   Thumb Code     0  startup_stm32f40xx.o(.text)
    SDIO_IRQHandler                          0x08000257   Thumb Code     0  startup_stm32f40xx.o(.text)
    SPI1_IRQHandler                          0x08000257   Thumb Code     0  startup_stm32f40xx.o(.text)
    SPI2_IRQHandler                          0x08000257   Thumb Code     0  startup_stm32f40xx.o(.text)
    SPI3_IRQHandler                          0x08000257   Thumb Code     0  startup_stm32f40xx.o(.text)
    TAMP_STAMP_IRQHandler                    0x08000257   Thumb Code     0  startup_stm32f40xx.o(.text)
    TIM1_BRK_TIM9_IRQHandler                 0x08000257   Thumb Code     0  startup_stm32f40xx.o(.text)
    TIM1_CC_IRQHandler                       0x08000257   Thumb Code     0  startup_stm32f40xx.o(.text)
    TIM1_TRG_COM_TIM11_IRQHandler            0x08000257   Thumb Code     0  startup_stm32f40xx.o(.text)
    TIM1_UP_TIM10_IRQHandler                 0x08000257   Thumb Code     0  startup_stm32f40xx.o(.text)
    TIM2_IRQHandler                          0x08000257   Thumb Code     0  startup_stm32f40xx.o(.text)
    TIM3_IRQHandler                          0x08000257   Thumb Code     0  startup_stm32f40xx.o(.text)
    TIM4_IRQHandler                          0x08000257   Thumb Code     0  startup_stm32f40xx.o(.text)
    TIM5_IRQHandler                          0x08000257   Thumb Code     0  startup_stm32f40xx.o(.text)
    TIM7_IRQHandler                          0x08000257   Thumb Code     0  startup_stm32f40xx.o(.text)
    TIM8_BRK_TIM12_IRQHandler                0x08000257   Thumb Code     0  startup_stm32f40xx.o(.text)
    TIM8_CC_IRQHandler                       0x08000257   Thumb Code     0  startup_stm32f40xx.o(.text)
    TIM8_TRG_COM_TIM14_IRQHandler            0x08000257   Thumb Code     0  startup_stm32f40xx.o(.text)
    TIM8_UP_TIM13_IRQHandler                 0x08000257   Thumb Code     0  startup_stm32f40xx.o(.text)
    UART4_IRQHandler                         0x08000257   Thumb Code     0  startup_stm32f40xx.o(.text)
    UART5_IRQHandler                         0x08000257   Thumb Code     0  startup_stm32f40xx.o(.text)
    USART1_IRQHandler                        0x08000257   Thumb Code     0  startup_stm32f40xx.o(.text)
    USART2_IRQHandler                        0x08000257   Thumb Code     0  startup_stm32f40xx.o(.text)
    USART3_IRQHandler                        0x08000257   Thumb Code     0  startup_stm32f40xx.o(.text)
    USART6_IRQHandler                        0x08000257   Thumb Code     0  startup_stm32f40xx.o(.text)
    WWDG_IRQHandler                          0x08000257   Thumb Code     0  startup_stm32f40xx.o(.text)
    __user_initial_stackheap                 0x08000259   Thumb Code     0  startup_stm32f40xx.o(.text)
    __use_no_semihosting                     0x0800027d   Thumb Code     2  use_no_semi_2.o(.text)
    __2printf                                0x08000281   Thumb Code    20  noretval__2printf.o(.text)
    __2sprintf                               0x08000299   Thumb Code    34  noretval__2sprintf.o(.text)
    _printf_pre_padding                      0x080002c1   Thumb Code    44  _printf_pad.o(.text)
    _printf_post_padding                     0x080002ed   Thumb Code    34  _printf_pad.o(.text)
    _printf_int_dec                          0x08000311   Thumb Code   104  _printf_dec.o(.text)
    _printf_int_hex                          0x08000389   Thumb Code    84  _printf_hex_int.o(.text)
    _printf_longlong_hex                     0x08000389   Thumb Code     0  _printf_hex_int.o(.text)
    __printf                                 0x080003e1   Thumb Code   270  __printf_wp.o(.text)
    __aeabi_memclr4                          0x080004ef   Thumb Code     0  rt_memclr_w.o(.text)
    __aeabi_memclr8                          0x080004ef   Thumb Code     0  rt_memclr_w.o(.text)
    __rt_memclr_w                            0x080004ef   Thumb Code    78  rt_memclr_w.o(.text)
    _memset_w                                0x080004f3   Thumb Code     0  rt_memclr_w.o(.text)
    __use_two_region_memory                  0x0800053d   Thumb Code     2  heapauxi.o(.text)
    __rt_heap_escrow$2region                 0x0800053f   Thumb Code     2  heapauxi.o(.text)
    __rt_heap_expand$2region                 0x08000541   Thumb Code     2  heapauxi.o(.text)
    __I$use$semihosting                      0x08000543   Thumb Code     0  use_no_semi.o(.text)
    __use_no_semihosting_swi                 0x08000543   Thumb Code     2  use_no_semi.o(.text)
    _printf_int_common                       0x08000545   Thumb Code   178  _printf_intcommon.o(.text)
    _printf_char_common                      0x08000603   Thumb Code    32  _printf_char_common.o(.text)
    _sputc                                   0x08000629   Thumb Code    10  _sputc.o(.text)
    _printf_char_file                        0x08000635   Thumb Code    32  _printf_char_file.o(.text)
    ferror                                   0x08000659   Thumb Code     8  ferror.o(.text)
    __user_setup_stackheap                   0x08000661   Thumb Code    74  sys_stackheap_outer.o(.text)
    exit                                     0x080006ab   Thumb Code    18  exit.o(.text)
    __user_libspace                          0x080006bd   Thumb Code     8  libspace.o(.text)
    __user_perproc_libspace                  0x080006bd   Thumb Code     0  libspace.o(.text)
    __user_perthread_libspace                0x080006bd   Thumb Code     0  libspace.o(.text)
    BusFault_Handler                         0x080006c5   Thumb Code     4  stm32f4xx_it.o(i.BusFault_Handler)
    DMA1_Stream4_IRQHandler                  0x080006c9   Thumb Code    24  ws2812.o(i.DMA1_Stream4_IRQHandler)
    DebugMon_Handler                         0x080006e9   Thumb Code     2  stm32f4xx_it.o(i.DebugMon_Handler)
    EXTI_Init                                0x080006fd   Thumb Code   142  stm32f4xx_exti.o(i.EXTI_Init)
    Encoder_TIM3_Init                        0x080007c5   Thumb Code   158  test_main.o(i.Encoder_TIM3_Init)
    FSMC_NORSRAMCmd                          0x0800086d   Thumb Code    46  stm32f4xx_fsmc.o(i.FSMC_NORSRAMCmd)
    FSMC_NORSRAMInit                         0x080008a1   Thumb Code   282  stm32f4xx_fsmc.o(i.FSMC_NORSRAMInit)
    GPIO_Init                                0x080009c5   Thumb Code   144  stm32f4xx_gpio.o(i.GPIO_Init)
    GPIO_PinAFConfig                         0x08000a55   Thumb Code    70  stm32f4xx_gpio.o(i.GPIO_PinAFConfig)
    GPIO_ReadInputDataBit                    0x08000a9b   Thumb Code    18  stm32f4xx_gpio.o(i.GPIO_ReadInputDataBit)
    GPIO_ResetBits                           0x08000aad   Thumb Code     4  stm32f4xx_gpio.o(i.GPIO_ResetBits)
    GPIO_SetBits                             0x08000ab1   Thumb Code     4  stm32f4xx_gpio.o(i.GPIO_SetBits)
    HardFault_Handler                        0x08000ab5   Thumb Code     4  stm32f4xx_it.o(i.HardFault_Handler)
    ILI9341_BackLed_Control                  0x08000ab9   Thumb Code    30  bsp_ili9341_lcd.o(i.ILI9341_BackLed_Control)
    ILI9341_Clear                            0x08000add   Thumb Code    40  bsp_ili9341_lcd.o(i.ILI9341_Clear)
    ILI9341_DispChar_EN                      0x08000b1d   Thumb Code   138  bsp_ili9341_lcd.o(i.ILI9341_DispChar_EN)
    ILI9341_DispStringLine_EN                0x08000bb5   Thumb Code    92  bsp_ili9341_lcd.o(i.ILI9341_DispStringLine_EN)
    ILI9341_DispString_EN                    0x08000c1d   Thumb Code    92  bsp_ili9341_lcd.o(i.ILI9341_DispString_EN)
    ILI9341_DrawCircle                       0x08000c85   Thumb Code   312  bsp_ili9341_lcd.o(i.ILI9341_DrawCircle)
    ILI9341_DrawLine                         0x08000dbd   Thumb Code   160  bsp_ili9341_lcd.o(i.ILI9341_DrawLine)
    ILI9341_DrawRectangle                    0x08000e5d   Thumb Code   132  bsp_ili9341_lcd.o(i.ILI9341_DrawRectangle)
    ILI9341_GramScan                         0x080011a5   Thumb Code   208  bsp_ili9341_lcd.o(i.ILI9341_GramScan)
    ILI9341_Init                             0x08001285   Thumb Code    34  bsp_ili9341_lcd.o(i.ILI9341_Init)
    ILI9341_OpenWindow                       0x080012ad   Thumb Code    96  bsp_ili9341_lcd.o(i.ILI9341_OpenWindow)
    ILI9341_ReadID                           0x0800175d   Thumb Code   120  bsp_ili9341_lcd.o(i.ILI9341_ReadID)
    ILI9341_Read_Data                        0x080017e1   Thumb Code     8  bsp_ili9341_lcd.o(i.ILI9341_Read_Data)
    ILI9341_Rst                              0x080017e9   Thumb Code    40  bsp_ili9341_lcd.o(i.ILI9341_Rst)
    ILI9341_SetPointPixel                    0x08001829   Thumb Code    42  bsp_ili9341_lcd.o(i.ILI9341_SetPointPixel)
    ILI9341_Write_Cmd                        0x08001861   Thumb Code     8  bsp_ili9341_lcd.o(i.ILI9341_Write_Cmd)
    ILI9341_Write_Data                       0x08001869   Thumb Code     8  bsp_ili9341_lcd.o(i.ILI9341_Write_Data)
    LCD_ClearLine                            0x08001871   Thumb Code    26  bsp_ili9341_lcd.o(i.LCD_ClearLine)
    LCD_GetFont                              0x08001891   Thumb Code     6  bsp_ili9341_lcd.o(i.LCD_GetFont)
    LCD_SetColors                            0x0800189d   Thumb Code    10  bsp_ili9341_lcd.o(i.LCD_SetColors)
    LCD_SetFont                              0x080018b1   Thumb Code     6  bsp_ili9341_lcd.o(i.LCD_SetFont)
    LCD_SetTextColor                         0x080018bd   Thumb Code     6  bsp_ili9341_lcd.o(i.LCD_SetTextColor)
    MemManage_Handler                        0x08001c3d   Thumb Code     4  stm32f4xx_it.o(i.MemManage_Handler)
    Motor_Direction_Init                     0x08001c41   Thumb Code    64  test_main.o(i.Motor_Direction_Init)
    NMI_Handler                              0x08001c85   Thumb Code     2  stm32f4xx_it.o(i.NMI_Handler)
    NVIC_Init                                0x08001c89   Thumb Code   106  misc.o(i.NVIC_Init)
    NVIC_PriorityGroupConfig                 0x08001d01   Thumb Code    10  misc.o(i.NVIC_PriorityGroupConfig)
    PendSV_Handler                           0x08001d15   Thumb Code     2  stm32f4xx_it.o(i.PendSV_Handler)
    RCC_AHB1PeriphClockCmd                   0x08001d19   Thumb Code    26  stm32f4xx_rcc.o(i.RCC_AHB1PeriphClockCmd)
    RCC_AHB3PeriphClockCmd                   0x08001d39   Thumb Code    26  stm32f4xx_rcc.o(i.RCC_AHB3PeriphClockCmd)
    RCC_APB1PeriphClockCmd                   0x08001d59   Thumb Code    26  stm32f4xx_rcc.o(i.RCC_APB1PeriphClockCmd)
    RCC_APB2PeriphClockCmd                   0x08001d79   Thumb Code    26  stm32f4xx_rcc.o(i.RCC_APB2PeriphClockCmd)
    SVC_Handler                              0x08001df9   Thumb Code     2  stm32f4xx_it.o(i.SVC_Handler)
    SYSCFG_EXTILineConfig                    0x08001dfd   Thumb Code    60  stm32f4xx_syscfg.o(i.SYSCFG_EXTILineConfig)
    SysTick_Handler                          0x08001f29   Thumb Code    12  delay.o(i.SysTick_Handler)
    SystemInit                               0x08001f39   Thumb Code    88  system_stm32f4xx.o(i.SystemInit)
    TIM1_PWM_Init                            0x080020c5   Thumb Code   244  test_main.o(i.TIM1_PWM_Init)
    TIM6_DAC_IRQHandler                      0x080021c1   Thumb Code    78  test_main.o(i.TIM6_DAC_IRQHandler)
    TIM_ARRPreloadConfig                     0x08002225   Thumb Code    24  stm32f4xx_tim.o(i.TIM_ARRPreloadConfig)
    TIM_ClearITPendingBit                    0x0800223d   Thumb Code     6  stm32f4xx_tim.o(i.TIM_ClearITPendingBit)
    TIM_Cmd                                  0x08002243   Thumb Code    24  stm32f4xx_tim.o(i.TIM_Cmd)
    TIM_CtrlPWMOutputs                       0x0800225b   Thumb Code    30  stm32f4xx_tim.o(i.TIM_CtrlPWMOutputs)
    TIM_EncoderInterfaceConfig               0x08002279   Thumb Code    66  stm32f4xx_tim.o(i.TIM_EncoderInterfaceConfig)
    TIM_GetCounter                           0x080022bb   Thumb Code     6  stm32f4xx_tim.o(i.TIM_GetCounter)
    TIM_GetITStatus                          0x080022c1   Thumb Code    34  stm32f4xx_tim.o(i.TIM_GetITStatus)
    TIM_ICInit                               0x080022e3   Thumb Code   110  stm32f4xx_tim.o(i.TIM_ICInit)
    TIM_ICStructInit                         0x08002351   Thumb Code    18  stm32f4xx_tim.o(i.TIM_ICStructInit)
    TIM_ITConfig                             0x08002363   Thumb Code    18  stm32f4xx_tim.o(i.TIM_ITConfig)
    TIM_OC1Init                              0x08002375   Thumb Code   114  stm32f4xx_tim.o(i.TIM_OC1Init)
    TIM_OC1PreloadConfig                     0x080023f1   Thumb Code    18  stm32f4xx_tim.o(i.TIM_OC1PreloadConfig)
    TIM_OC2Init                              0x08002405   Thumb Code   154  stm32f4xx_tim.o(i.TIM_OC2Init)
    TIM_OC2PreloadConfig                     0x080024a9   Thumb Code    26  stm32f4xx_tim.o(i.TIM_OC2PreloadConfig)
    TIM_OC3Init                              0x080024c5   Thumb Code   150  stm32f4xx_tim.o(i.TIM_OC3Init)
    TIM_OC3PreloadConfig                     0x08002565   Thumb Code    18  stm32f4xx_tim.o(i.TIM_OC3PreloadConfig)
    TIM_OC4Init                              0x08002579   Thumb Code   112  stm32f4xx_tim.o(i.TIM_OC4Init)
    TIM_OC4PreloadConfig                     0x080025f1   Thumb Code    26  stm32f4xx_tim.o(i.TIM_OC4PreloadConfig)
    TIM_SetCounter                           0x0800260b   Thumb Code     4  stm32f4xx_tim.o(i.TIM_SetCounter)
    TIM_SetIC1Prescaler                      0x0800260f   Thumb Code    18  stm32f4xx_tim.o(i.TIM_SetIC1Prescaler)
    TIM_SetIC2Prescaler                      0x08002621   Thumb Code    26  stm32f4xx_tim.o(i.TIM_SetIC2Prescaler)
    TIM_SetIC3Prescaler                      0x0800263b   Thumb Code    18  stm32f4xx_tim.o(i.TIM_SetIC3Prescaler)
    TIM_SetIC4Prescaler                      0x0800264d   Thumb Code    26  stm32f4xx_tim.o(i.TIM_SetIC4Prescaler)
    TIM_TimeBaseInit                         0x08002669   Thumb Code   104  stm32f4xx_tim.o(i.TIM_TimeBaseInit)
    Timer6_Init                              0x080026ed   Thumb Code    76  test_main.o(i.Timer6_Init)
    USART_GetFlagStatus                      0x0800273d   Thumb Code    26  stm32f4xx_usart.o(i.USART_GetFlagStatus)
    USART_SendData                           0x08002757   Thumb Code     8  stm32f4xx_usart.o(i.USART_SendData)
    UsageFault_Handler                       0x0800275f   Thumb Code     4  stm32f4xx_it.o(i.UsageFault_Handler)
    WS2812_Clear                             0x08002763   Thumb Code    18  ws2812.o(i.WS2812_Clear)
    WS2812_Init                              0x08002775   Thumb Code   298  ws2812.o(i.WS2812_Init)
    WS2812_SetAll                            0x080028c5   Thumb Code    36  ws2812.o(i.WS2812_SetAll)
    WS2812_SetColor                          0x080028ed   Thumb Code    28  ws2812.o(i.WS2812_SetColor)
    WS2812_Show                              0x0800290d   Thumb Code    74  ws2812.o(i.WS2812_Show)
    XPT2046_Get_TouchedPoint                 0x08002ab1   Thumb Code   268  bsp_xpt2046_lcd.o(i.XPT2046_Get_TouchedPoint)
    XPT2046_Init                             0x08002bbd   Thumb Code    12  bsp_xpt2046_lcd.o(i.XPT2046_Init)
    _is_digit                                0x08002e1d   Thumb Code    14  __printf_wp.o(i._is_digit)
    _sys_exit                                0x08002e2b   Thumb Code     4  bsp_debug_usart.o(i._sys_exit)
    delay_ms                                 0x08002e2f   Thumb Code    56  delay.o(i.delay_ms)
    delay_xms                                0x08002e69   Thumb Code    72  delay.o(i.delay_xms)
    fputc                                    0x08002eb5   Thumb Code    44  bsp_debug_usart.o(i.fputc)
    main                                     0x08002ee5   Thumb Code   286  test_main.o(i.main)
    __aeabi_dadd                             0x08003019   Thumb Code     0  daddsub_clz.o(x$fpl$dadd)
    _dadd                                    0x08003019   Thumb Code   332  daddsub_clz.o(x$fpl$dadd)
    __aeabi_d2uiz                            0x08003169   Thumb Code     0  dfixu.o(x$fpl$dfixu)
    _dfixu                                   0x08003169   Thumb Code    90  dfixu.o(x$fpl$dfixu)
    __aeabi_ui2d                             0x080031c3   Thumb Code     0  dflt_clz.o(x$fpl$dfltu)
    _dfltu                                   0x080031c3   Thumb Code    38  dflt_clz.o(x$fpl$dfltu)
    __aeabi_dmul                             0x080031e9   Thumb Code     0  dmul.o(x$fpl$dmul)
    _dmul                                    0x080031e9   Thumb Code   332  dmul.o(x$fpl$dmul)
    __fpl_dnaninf                            0x0800333d   Thumb Code   156  dnaninf.o(x$fpl$dnaninf)
    __fpl_dretinf                            0x080033d9   Thumb Code    12  dretinf.o(x$fpl$dretinf)
    __aeabi_dsub                             0x080033e5   Thumb Code     0  daddsub_clz.o(x$fpl$dsub)
    _dsub                                    0x080033e5   Thumb Code   464  daddsub_clz.o(x$fpl$dsub)
    _fp_init                                 0x080035b9   Thumb Code    10  fpinit.o(x$fpl$fpinit)
    __fplib_config_fpu_vfp                   0x080035c1   Thumb Code     0  fpinit.o(x$fpl$fpinit)
    __fplib_config_pureend_doubles           0x080035c1   Thumb Code     0  fpinit.o(x$fpl$fpinit)
    __I$use$fp                               0x080035c2   Number         0  usenofp.o(x$fpl$usenofp)
    ASCII8x16_Table                          0x080035cb   Data        1520  fonts.o(.constdata)
    ASCII16x24_Table                         0x08003bbb   Data        4560  fonts.o(.constdata)
    ASCII24x32_Table                         0x08004d8b   Data        9120  fonts.o(.constdata)
    Region$$Table$$Base                      0x08007154   Number         0  anon$$obj.o(Region$$Table)
    Region$$Table$$Limit                     0x08007174   Number         0  anon$$obj.o(Region$$Table)
    Motor_RPM                                0x20000008   Data           4  test_main.o(.data)
    Font8x16                                 0x20000010   Data           8  fonts.o(.data)
    Font16x24                                0x20000018   Data           8  fonts.o(.data)
    Font24x32                                0x20000020   Data           8  fonts.o(.data)
    LCD_X_LENGTH                             0x20000028   Data           2  bsp_ili9341_lcd.o(.data)
    LCD_Y_LENGTH                             0x2000002a   Data           2  bsp_ili9341_lcd.o(.data)
    LCD_SCAN_MODE                            0x2000002c   Data           1  bsp_ili9341_lcd.o(.data)
    lcdid                                    0x2000002e   Data           2  bsp_ili9341_lcd.o(.data)
    __stdout                                 0x20000038   Data           4  bsp_debug_usart.o(.data)
    strXPT2046_TouchPara                     0x20000040   Data          48  bsp_xpt2046_lcd.o(.data)
    ucXPT2046_TouchFlag                      0x20000070   Data           1  bsp_xpt2046_lcd.o(.data)
    __libspace_start                         0x2000015c   Data          96  libspace.o(.bss)
    __temporary_stack_top$libspace           0x200001bc   Data           0  libspace.o(.bss)



==============================================================================

Memory Map of the image

  Image Entry point : 0x08000189

  Load Region LR_IROM1 (Base: 0x08000000, Size: 0x000071e8, Max: 0x00100000, ABSOLUTE)

    Execution Region ER_IROM1 (Exec base: 0x08000000, Load base: 0x08000000, Size: 0x00007174, Max: 0x00100000, ABSOLUTE)

    Exec Addr    Load Addr    Size         Type   Attr      Idx    E Section Name        Object

    0x08000000   0x08000000   0x00000188   Data   RO            3    RESET               startup_stm32f40xx.o
    0x08000188   0x08000188   0x00000008   Code   RO         6114  * !!!main             c_w.l(__main.o)
    0x08000190   0x08000190   0x00000034   Code   RO         6317    !!!scatter          c_w.l(__scatter.o)
    0x080001c4   0x080001c4   0x0000001a   Code   RO         6319    !!handler_copy      c_w.l(__scatter_copy.o)
    0x080001de   0x080001de   0x00000002   PAD
    0x080001e0   0x080001e0   0x0000001c   Code   RO         6321    !!handler_zi        c_w.l(__scatter_zi.o)
    0x080001fc   0x080001fc   0x00000000   Code   RO         6107    .ARM.Collect$$_printf_percent$$00000000  c_w.l(_printf_percent.o)
    0x080001fc   0x080001fc   0x00000006   Code   RO         6105    .ARM.Collect$$_printf_percent$$00000009  c_w.l(_printf_d.o)
    0x08000202   0x08000202   0x00000006   Code   RO         6106    .ARM.Collect$$_printf_percent$$0000000A  c_w.l(_printf_u.o)
    0x08000208   0x08000208   0x00000006   Code   RO         6104    .ARM.Collect$$_printf_percent$$0000000C  c_w.l(_printf_x.o)
    0x0800020e   0x0800020e   0x00000004   Code   RO         6151    .ARM.Collect$$_printf_percent$$00000017  c_w.l(_printf_percent_end.o)
    0x08000212   0x08000212   0x00000002   Code   RO         6189    .ARM.Collect$$libinit$$00000000  c_w.l(libinit.o)
    0x08000214   0x08000214   0x00000004   Code   RO         6195    .ARM.Collect$$libinit$$00000001  c_w.l(libinit2.o)
    0x08000218   0x08000218   0x00000000   Code   RO         6198    .ARM.Collect$$libinit$$00000004  c_w.l(libinit2.o)
    0x08000218   0x08000218   0x00000000   Code   RO         6201    .ARM.Collect$$libinit$$0000000A  c_w.l(libinit2.o)
    0x08000218   0x08000218   0x00000000   Code   RO         6203    .ARM.Collect$$libinit$$0000000C  c_w.l(libinit2.o)
    0x08000218   0x08000218   0x00000000   Code   RO         6205    .ARM.Collect$$libinit$$0000000E  c_w.l(libinit2.o)
    0x08000218   0x08000218   0x00000000   Code   RO         6208    .ARM.Collect$$libinit$$00000011  c_w.l(libinit2.o)
    0x08000218   0x08000218   0x00000000   Code   RO         6210    .ARM.Collect$$libinit$$00000013  c_w.l(libinit2.o)
    0x08000218   0x08000218   0x00000000   Code   RO         6212    .ARM.Collect$$libinit$$00000015  c_w.l(libinit2.o)
    0x08000218   0x08000218   0x00000000   Code   RO         6214    .ARM.Collect$$libinit$$00000017  c_w.l(libinit2.o)
    0x08000218   0x08000218   0x00000000   Code   RO         6216    .ARM.Collect$$libinit$$00000019  c_w.l(libinit2.o)
    0x08000218   0x08000218   0x00000000   Code   RO         6218    .ARM.Collect$$libinit$$0000001B  c_w.l(libinit2.o)
    0x08000218   0x08000218   0x00000000   Code   RO         6220    .ARM.Collect$$libinit$$0000001D  c_w.l(libinit2.o)
    0x08000218   0x08000218   0x00000000   Code   RO         6222    .ARM.Collect$$libinit$$0000001F  c_w.l(libinit2.o)
    0x08000218   0x08000218   0x00000000   Code   RO         6224    .ARM.Collect$$libinit$$00000021  c_w.l(libinit2.o)
    0x08000218   0x08000218   0x00000000   Code   RO         6226    .ARM.Collect$$libinit$$00000023  c_w.l(libinit2.o)
    0x08000218   0x08000218   0x00000000   Code   RO         6228    .ARM.Collect$$libinit$$00000025  c_w.l(libinit2.o)
    0x08000218   0x08000218   0x00000000   Code   RO         6232    .ARM.Collect$$libinit$$0000002C  c_w.l(libinit2.o)
    0x08000218   0x08000218   0x00000000   Code   RO         6234    .ARM.Collect$$libinit$$0000002E  c_w.l(libinit2.o)
    0x08000218   0x08000218   0x00000000   Code   RO         6236    .ARM.Collect$$libinit$$00000030  c_w.l(libinit2.o)
    0x08000218   0x08000218   0x00000000   Code   RO         6238    .ARM.Collect$$libinit$$00000032  c_w.l(libinit2.o)
    0x08000218   0x08000218   0x00000002   Code   RO         6239    .ARM.Collect$$libinit$$00000033  c_w.l(libinit2.o)
    0x0800021a   0x0800021a   0x00000002   Code   RO         6257    .ARM.Collect$$libshutdown$$00000000  c_w.l(libshutdown.o)
    0x0800021c   0x0800021c   0x00000000   Code   RO         6267    .ARM.Collect$$libshutdown$$00000002  c_w.l(libshutdown2.o)
    0x0800021c   0x0800021c   0x00000000   Code   RO         6269    .ARM.Collect$$libshutdown$$00000004  c_w.l(libshutdown2.o)
    0x0800021c   0x0800021c   0x00000000   Code   RO         6271    .ARM.Collect$$libshutdown$$00000006  c_w.l(libshutdown2.o)
    0x0800021c   0x0800021c   0x00000000   Code   RO         6274    .ARM.Collect$$libshutdown$$00000009  c_w.l(libshutdown2.o)
    0x0800021c   0x0800021c   0x00000000   Code   RO         6277    .ARM.Collect$$libshutdown$$0000000C  c_w.l(libshutdown2.o)
    0x0800021c   0x0800021c   0x00000000   Code   RO         6279    .ARM.Collect$$libshutdown$$0000000E  c_w.l(libshutdown2.o)
    0x0800021c   0x0800021c   0x00000000   Code   RO         6282    .ARM.Collect$$libshutdown$$00000011  c_w.l(libshutdown2.o)
    0x0800021c   0x0800021c   0x00000002   Code   RO         6283    .ARM.Collect$$libshutdown$$00000012  c_w.l(libshutdown2.o)
    0x0800021e   0x0800021e   0x00000000   Code   RO         6142    .ARM.Collect$$rtentry$$00000000  c_w.l(__rtentry.o)
    0x0800021e   0x0800021e   0x00000000   Code   RO         6160    .ARM.Collect$$rtentry$$00000002  c_w.l(__rtentry2.o)
    0x0800021e   0x0800021e   0x00000006   Code   RO         6172    .ARM.Collect$$rtentry$$00000004  c_w.l(__rtentry4.o)
    0x08000224   0x08000224   0x00000000   Code   RO         6162    .ARM.Collect$$rtentry$$00000009  c_w.l(__rtentry2.o)
    0x08000224   0x08000224   0x00000004   Code   RO         6163    .ARM.Collect$$rtentry$$0000000A  c_w.l(__rtentry2.o)
    0x08000228   0x08000228   0x00000000   Code   RO         6165    .ARM.Collect$$rtentry$$0000000C  c_w.l(__rtentry2.o)
    0x08000228   0x08000228   0x00000008   Code   RO         6166    .ARM.Collect$$rtentry$$0000000D  c_w.l(__rtentry2.o)
    0x08000230   0x08000230   0x00000002   Code   RO         6193    .ARM.Collect$$rtexit$$00000000  c_w.l(rtexit.o)
    0x08000232   0x08000232   0x00000000   Code   RO         6241    .ARM.Collect$$rtexit$$00000002  c_w.l(rtexit2.o)
    0x08000232   0x08000232   0x00000004   Code   RO         6242    .ARM.Collect$$rtexit$$00000003  c_w.l(rtexit2.o)
    0x08000236   0x08000236   0x00000006   Code   RO         6243    .ARM.Collect$$rtexit$$00000004  c_w.l(rtexit2.o)
    0x0800023c   0x0800023c   0x00000040   Code   RO            4    .text               startup_stm32f40xx.o
    0x0800027c   0x0800027c   0x00000002   Code   RO         6047    .text               c_w.l(use_no_semi_2.o)
    0x0800027e   0x0800027e   0x00000002   PAD
    0x08000280   0x08000280   0x00000018   Code   RO         6053    .text               c_w.l(noretval__2printf.o)
    0x08000298   0x08000298   0x00000028   Code   RO         6055    .text               c_w.l(noretval__2sprintf.o)
    0x080002c0   0x080002c0   0x0000004e   Code   RO         6059    .text               c_w.l(_printf_pad.o)
    0x0800030e   0x0800030e   0x00000002   PAD
    0x08000310   0x08000310   0x00000078   Code   RO         6061    .text               c_w.l(_printf_dec.o)
    0x08000388   0x08000388   0x00000058   Code   RO         6066    .text               c_w.l(_printf_hex_int.o)
    0x080003e0   0x080003e0   0x0000010e   Code   RO         6092    .text               c_w.l(__printf_wp.o)
    0x080004ee   0x080004ee   0x0000004e   Code   RO         6110    .text               c_w.l(rt_memclr_w.o)
    0x0800053c   0x0800053c   0x00000006   Code   RO         6112    .text               c_w.l(heapauxi.o)
    0x08000542   0x08000542   0x00000002   Code   RO         6140    .text               c_w.l(use_no_semi.o)
    0x08000544   0x08000544   0x000000b2   Code   RO         6143    .text               c_w.l(_printf_intcommon.o)
    0x080005f6   0x080005f6   0x00000002   PAD
    0x080005f8   0x080005f8   0x00000030   Code   RO         6145    .text               c_w.l(_printf_char_common.o)
    0x08000628   0x08000628   0x0000000a   Code   RO         6147    .text               c_w.l(_sputc.o)
    0x08000632   0x08000632   0x00000002   PAD
    0x08000634   0x08000634   0x00000024   Code   RO         6149    .text               c_w.l(_printf_char_file.o)
    0x08000658   0x08000658   0x00000008   Code   RO         6176    .text               c_w.l(ferror.o)
    0x08000660   0x08000660   0x0000004a   Code   RO         6180    .text               c_w.l(sys_stackheap_outer.o)
    0x080006aa   0x080006aa   0x00000012   Code   RO         6182    .text               c_w.l(exit.o)
    0x080006bc   0x080006bc   0x00000008   Code   RO         6190    .text               c_w.l(libspace.o)
    0x080006c4   0x080006c4   0x00000004   Code   RO         5445    i.BusFault_Handler  stm32f4xx_it.o
    0x080006c8   0x080006c8   0x00000020   Code   RO         5947    i.DMA1_Stream4_IRQHandler  ws2812.o
    0x080006e8   0x080006e8   0x00000002   Code   RO         5446    i.DebugMon_Handler  stm32f4xx_it.o
    0x080006ea   0x080006ea   0x00000012   Code   RO         5348    i.Delay             test_main.o
    0x080006fc   0x080006fc   0x00000094   Code   RO         1575    i.EXTI_Init         stm32f4xx_exti.o
    0x08000790   0x08000790   0x00000032   Code   RO         5948    i.EncodeColorByte   ws2812.o
    0x080007c2   0x080007c2   0x00000002   PAD
    0x080007c4   0x080007c4   0x000000a8   Code   RO         5349    i.Encoder_TIM3_Init  test_main.o
    0x0800086c   0x0800086c   0x00000034   Code   RO         1964    i.FSMC_NORSRAMCmd   stm32f4xx_fsmc.o
    0x080008a0   0x080008a0   0x00000124   Code   RO         1966    i.FSMC_NORSRAMInit  stm32f4xx_fsmc.o
    0x080009c4   0x080009c4   0x00000090   Code   RO         2092    i.GPIO_Init         stm32f4xx_gpio.o
    0x08000a54   0x08000a54   0x00000046   Code   RO         2093    i.GPIO_PinAFConfig  stm32f4xx_gpio.o
    0x08000a9a   0x08000a9a   0x00000012   Code   RO         2096    i.GPIO_ReadInputDataBit  stm32f4xx_gpio.o
    0x08000aac   0x08000aac   0x00000004   Code   RO         2099    i.GPIO_ResetBits    stm32f4xx_gpio.o
    0x08000ab0   0x08000ab0   0x00000004   Code   RO         2100    i.GPIO_SetBits      stm32f4xx_gpio.o
    0x08000ab4   0x08000ab4   0x00000004   Code   RO         5447    i.HardFault_Handler  stm32f4xx_it.o
    0x08000ab8   0x08000ab8   0x00000024   Code   RO         5539    i.ILI9341_BackLed_Control  bsp_ili9341_lcd.o
    0x08000adc   0x08000adc   0x0000002c   Code   RO         5540    i.ILI9341_Clear     bsp_ili9341_lcd.o
    0x08000b08   0x08000b08   0x00000012   Code   RO         5541    i.ILI9341_Delay     bsp_ili9341_lcd.o
    0x08000b1a   0x08000b1a   0x00000002   PAD
    0x08000b1c   0x08000b1c   0x00000098   Code   RO         5542    i.ILI9341_DispChar_EN  bsp_ili9341_lcd.o
    0x08000bb4   0x08000bb4   0x00000068   Code   RO         5543    i.ILI9341_DispStringLine_EN  bsp_ili9341_lcd.o
    0x08000c1c   0x08000c1c   0x00000068   Code   RO         5544    i.ILI9341_DispString_EN  bsp_ili9341_lcd.o
    0x08000c84   0x08000c84   0x00000138   Code   RO         5546    i.ILI9341_DrawCircle  bsp_ili9341_lcd.o
    0x08000dbc   0x08000dbc   0x000000a0   Code   RO         5547    i.ILI9341_DrawLine  bsp_ili9341_lcd.o
    0x08000e5c   0x08000e5c   0x00000088   Code   RO         5548    i.ILI9341_DrawRectangle  bsp_ili9341_lcd.o
    0x08000ee4   0x08000ee4   0x00000074   Code   RO         5549    i.ILI9341_FSMC_Config  bsp_ili9341_lcd.o
    0x08000f58   0x08000f58   0x00000020   Code   RO         5550    i.ILI9341_FillColor  bsp_ili9341_lcd.o
    0x08000f78   0x08000f78   0x0000022c   Code   RO         5551    i.ILI9341_GPIO_Config  bsp_ili9341_lcd.o
    0x080011a4   0x080011a4   0x000000e0   Code   RO         5553    i.ILI9341_GramScan  bsp_ili9341_lcd.o
    0x08001284   0x08001284   0x00000028   Code   RO         5554    i.ILI9341_Init      bsp_ili9341_lcd.o
    0x080012ac   0x080012ac   0x00000060   Code   RO         5555    i.ILI9341_OpenWindow  bsp_ili9341_lcd.o
    0x0800130c   0x0800130c   0x00000450   Code   RO         5556    i.ILI9341_REG_Config  bsp_ili9341_lcd.o
    0x0800175c   0x0800175c   0x00000084   Code   RO         5557    i.ILI9341_ReadID    bsp_ili9341_lcd.o
    0x080017e0   0x080017e0   0x00000008   Code   RO         5737    i.ILI9341_Read_Data  bsp_ili9341_lcd.o
    0x080017e8   0x080017e8   0x0000002c   Code   RO         5559    i.ILI9341_Rst       bsp_ili9341_lcd.o
    0x08001814   0x08001814   0x00000014   Code   RO         5560    i.ILI9341_SetCursor  bsp_ili9341_lcd.o
    0x08001828   0x08001828   0x00000038   Code   RO         5561    i.ILI9341_SetPointPixel  bsp_ili9341_lcd.o
    0x08001860   0x08001860   0x00000008   Code   RO         5727    i.ILI9341_Write_Cmd  bsp_ili9341_lcd.o
    0x08001868   0x08001868   0x00000008   Code   RO         5732    i.ILI9341_Write_Data  bsp_ili9341_lcd.o
    0x08001870   0x08001870   0x00000020   Code   RO         5562    i.LCD_ClearLine     bsp_ili9341_lcd.o
    0x08001890   0x08001890   0x0000000c   Code   RO         5564    i.LCD_GetFont       bsp_ili9341_lcd.o
    0x0800189c   0x0800189c   0x00000014   Code   RO         5566    i.LCD_SetColors     bsp_ili9341_lcd.o
    0x080018b0   0x080018b0   0x0000000c   Code   RO         5567    i.LCD_SetFont       bsp_ili9341_lcd.o
    0x080018bc   0x080018bc   0x0000000c   Code   RO         5568    i.LCD_SetTextColor  bsp_ili9341_lcd.o
    0x080018c8   0x080018c8   0x00000374   Code   RO         5350    i.LCD_Test          test_main.o
    0x08001c3c   0x08001c3c   0x00000004   Code   RO         5448    i.MemManage_Handler  stm32f4xx_it.o
    0x08001c40   0x08001c40   0x00000044   Code   RO         5351    i.Motor_Direction_Init  test_main.o
    0x08001c84   0x08001c84   0x00000002   Code   RO         5449    i.NMI_Handler       stm32f4xx_it.o
    0x08001c86   0x08001c86   0x00000002   PAD
    0x08001c88   0x08001c88   0x00000078   Code   RO          155    i.NVIC_Init         misc.o
    0x08001d00   0x08001d00   0x00000014   Code   RO          156    i.NVIC_PriorityGroupConfig  misc.o
    0x08001d14   0x08001d14   0x00000002   Code   RO         5450    i.PendSV_Handler    stm32f4xx_it.o
    0x08001d16   0x08001d16   0x00000002   PAD
    0x08001d18   0x08001d18   0x00000020   Code   RO         3033    i.RCC_AHB1PeriphClockCmd  stm32f4xx_rcc.o
    0x08001d38   0x08001d38   0x00000020   Code   RO         3039    i.RCC_AHB3PeriphClockCmd  stm32f4xx_rcc.o
    0x08001d58   0x08001d58   0x00000020   Code   RO         3042    i.RCC_APB1PeriphClockCmd  stm32f4xx_rcc.o
    0x08001d78   0x08001d78   0x00000020   Code   RO         3045    i.RCC_APB2PeriphClockCmd  stm32f4xx_rcc.o
    0x08001d98   0x08001d98   0x00000060   Code   RO         5949    i.RefreshDmaBuffer  ws2812.o
    0x08001df8   0x08001df8   0x00000002   Code   RO         5451    i.SVC_Handler       stm32f4xx_it.o
    0x08001dfa   0x08001dfa   0x00000002   PAD
    0x08001dfc   0x08001dfc   0x00000040   Code   RO         4368    i.SYSCFG_EXTILineConfig  stm32f4xx_syscfg.o
    0x08001e3c   0x08001e3c   0x000000ec   Code   RO           13    i.SetSysClock       system_stm32f4xx.o
    0x08001f28   0x08001f28   0x00000010   Code   RO         5262    i.SysTick_Handler   delay.o
    0x08001f38   0x08001f38   0x00000068   Code   RO           15    i.SystemInit        system_stm32f4xx.o
    0x08001fa0   0x08001fa0   0x0000003a   Code   RO         4428    i.TI1_Config        stm32f4xx_tim.o
    0x08001fda   0x08001fda   0x00000050   Code   RO         4429    i.TI2_Config        stm32f4xx_tim.o
    0x0800202a   0x0800202a   0x00000048   Code   RO         4430    i.TI3_Config        stm32f4xx_tim.o
    0x08002072   0x08002072   0x00000050   Code   RO         4431    i.TI4_Config        stm32f4xx_tim.o
    0x080020c2   0x080020c2   0x00000002   PAD
    0x080020c4   0x080020c4   0x000000fc   Code   RO         5352    i.TIM1_PWM_Init     test_main.o
    0x080021c0   0x080021c0   0x00000064   Code   RO         5353    i.TIM6_DAC_IRQHandler  test_main.o
    0x08002224   0x08002224   0x00000018   Code   RO         4432    i.TIM_ARRPreloadConfig  stm32f4xx_tim.o
    0x0800223c   0x0800223c   0x00000006   Code   RO         4439    i.TIM_ClearITPendingBit  stm32f4xx_tim.o
    0x08002242   0x08002242   0x00000018   Code   RO         4444    i.TIM_Cmd           stm32f4xx_tim.o
    0x0800225a   0x0800225a   0x0000001e   Code   RO         4446    i.TIM_CtrlPWMOutputs  stm32f4xx_tim.o
    0x08002278   0x08002278   0x00000042   Code   RO         4453    i.TIM_EncoderInterfaceConfig  stm32f4xx_tim.o
    0x080022ba   0x080022ba   0x00000006   Code   RO         4463    i.TIM_GetCounter    stm32f4xx_tim.o
    0x080022c0   0x080022c0   0x00000022   Code   RO         4465    i.TIM_GetITStatus   stm32f4xx_tim.o
    0x080022e2   0x080022e2   0x0000006e   Code   RO         4467    i.TIM_ICInit        stm32f4xx_tim.o
    0x08002350   0x08002350   0x00000012   Code   RO         4468    i.TIM_ICStructInit  stm32f4xx_tim.o
    0x08002362   0x08002362   0x00000012   Code   RO         4469    i.TIM_ITConfig      stm32f4xx_tim.o
    0x08002374   0x08002374   0x0000007c   Code   RO         4473    i.TIM_OC1Init       stm32f4xx_tim.o
    0x080023f0   0x080023f0   0x00000012   Code   RO         4476    i.TIM_OC1PreloadConfig  stm32f4xx_tim.o
    0x08002402   0x08002402   0x00000002   PAD
    0x08002404   0x08002404   0x000000a4   Code   RO         4478    i.TIM_OC2Init       stm32f4xx_tim.o
    0x080024a8   0x080024a8   0x0000001a   Code   RO         4481    i.TIM_OC2PreloadConfig  stm32f4xx_tim.o
    0x080024c2   0x080024c2   0x00000002   PAD
    0x080024c4   0x080024c4   0x000000a0   Code   RO         4483    i.TIM_OC3Init       stm32f4xx_tim.o
    0x08002564   0x08002564   0x00000012   Code   RO         4486    i.TIM_OC3PreloadConfig  stm32f4xx_tim.o
    0x08002576   0x08002576   0x00000002   PAD
    0x08002578   0x08002578   0x00000078   Code   RO         4488    i.TIM_OC4Init       stm32f4xx_tim.o
    0x080025f0   0x080025f0   0x0000001a   Code   RO         4490    i.TIM_OC4PreloadConfig  stm32f4xx_tim.o
    0x0800260a   0x0800260a   0x00000004   Code   RO         4510    i.TIM_SetCounter    stm32f4xx_tim.o
    0x0800260e   0x0800260e   0x00000012   Code   RO         4511    i.TIM_SetIC1Prescaler  stm32f4xx_tim.o
    0x08002620   0x08002620   0x0000001a   Code   RO         4512    i.TIM_SetIC2Prescaler  stm32f4xx_tim.o
    0x0800263a   0x0800263a   0x00000012   Code   RO         4513    i.TIM_SetIC3Prescaler  stm32f4xx_tim.o
    0x0800264c   0x0800264c   0x0000001a   Code   RO         4514    i.TIM_SetIC4Prescaler  stm32f4xx_tim.o
    0x08002666   0x08002666   0x00000002   PAD
    0x08002668   0x08002668   0x00000084   Code   RO         4516    i.TIM_TimeBaseInit  stm32f4xx_tim.o
    0x080026ec   0x080026ec   0x00000050   Code   RO         5354    i.Timer6_Init       test_main.o
    0x0800273c   0x0800273c   0x0000001a   Code   RO         5004    i.USART_GetFlagStatus  stm32f4xx_usart.o
    0x08002756   0x08002756   0x00000008   Code   RO         5018    i.USART_SendData    stm32f4xx_usart.o
    0x0800275e   0x0800275e   0x00000004   Code   RO         5452    i.UsageFault_Handler  stm32f4xx_it.o
    0x08002762   0x08002762   0x00000012   Code   RO         5950    i.WS2812_Clear      ws2812.o
    0x08002774   0x08002774   0x00000150   Code   RO         5951    i.WS2812_Init       ws2812.o
    0x080028c4   0x080028c4   0x00000028   Code   RO         5952    i.WS2812_SetAll     ws2812.o
    0x080028ec   0x080028ec   0x00000020   Code   RO         5953    i.WS2812_SetColor   ws2812.o
    0x0800290c   0x0800290c   0x00000058   Code   RO         5954    i.WS2812_Show       ws2812.o
    0x08002964   0x08002964   0x0000001e   Code   RO         5841    i.XPT2046_DelayUS   bsp_xpt2046_lcd.o
    0x08002982   0x08002982   0x00000002   PAD
    0x08002984   0x08002984   0x0000005c   Code   RO         5842    i.XPT2046_EXTI_Config  bsp_xpt2046_lcd.o
    0x080029e0   0x080029e0   0x00000028   Code   RO         5843    i.XPT2046_EXTI_NVIC_Config  bsp_xpt2046_lcd.o
    0x08002a08   0x08002a08   0x000000a8   Code   RO         5844    i.XPT2046_GPIO_SPI_Config  bsp_xpt2046_lcd.o
    0x08002ab0   0x08002ab0   0x0000010c   Code   RO         5845    i.XPT2046_Get_TouchedPoint  bsp_xpt2046_lcd.o
    0x08002bbc   0x08002bbc   0x0000000c   Code   RO         5846    i.XPT2046_Init      bsp_xpt2046_lcd.o
    0x08002bc8   0x08002bc8   0x00000010   Code   RO         5847    i.XPT2046_ReadAdc   bsp_xpt2046_lcd.o
    0x08002bd8   0x08002bd8   0x0000015c   Code   RO         5848    i.XPT2046_ReadAdc_Smooth_XY  bsp_xpt2046_lcd.o
    0x08002d34   0x08002d34   0x00000026   Code   RO         5849    i.XPT2046_ReadAdc_XY  bsp_xpt2046_lcd.o
    0x08002d5a   0x08002d5a   0x00000002   PAD
    0x08002d5c   0x08002d5c   0x00000054   Code   RO         5850    i.XPT2046_ReadCMD   bsp_xpt2046_lcd.o
    0x08002db0   0x08002db0   0x0000006c   Code   RO         5852    i.XPT2046_WriteCMD  bsp_xpt2046_lcd.o
    0x08002e1c   0x08002e1c   0x0000000e   Code   RO         6094    i._is_digit         c_w.l(__printf_wp.o)
    0x08002e2a   0x08002e2a   0x00000004   Code   RO         5769    i._sys_exit         bsp_debug_usart.o
    0x08002e2e   0x08002e2e   0x00000038   Code   RO         5264    i.delay_ms          delay.o
    0x08002e66   0x08002e66   0x00000002   PAD
    0x08002e68   0x08002e68   0x0000004c   Code   RO         5266    i.delay_xms         delay.o
    0x08002eb4   0x08002eb4   0x00000030   Code   RO         5771    i.fputc             bsp_debug_usart.o
    0x08002ee4   0x08002ee4   0x00000134   Code   RO         5355    i.main              test_main.o
    0x08003018   0x08003018   0x00000150   Code   RO         6116    x$fpl$dadd          fz_wm.l(daddsub_clz.o)
    0x08003168   0x08003168   0x0000005a   Code   RO         6128    x$fpl$dfixu         fz_wm.l(dfixu.o)
    0x080031c2   0x080031c2   0x00000026   Code   RO         6132    x$fpl$dfltu         fz_wm.l(dflt_clz.o)
    0x080031e8   0x080031e8   0x00000154   Code   RO         6138    x$fpl$dmul          fz_wm.l(dmul.o)
    0x0800333c   0x0800333c   0x0000009c   Code   RO         6154    x$fpl$dnaninf       fz_wm.l(dnaninf.o)
    0x080033d8   0x080033d8   0x0000000c   Code   RO         6156    x$fpl$dretinf       fz_wm.l(dretinf.o)
    0x080033e4   0x080033e4   0x000001d4   Code   RO         6118    x$fpl$dsub          fz_wm.l(daddsub_clz.o)
    0x080035b8   0x080035b8   0x0000000a   Code   RO         6249    x$fpl$fpinit        fz_wm.l(fpinit.o)
    0x080035c2   0x080035c2   0x00000000   Code   RO         6158    x$fpl$usenofp       fz_wm.l(usenofp.o)
    0x080035c2   0x080035c2   0x00000002   PAD
    0x080035c4   0x080035c4   0x00000007   Data   RO         5356    .constdata          test_main.o
    0x080035cb   0x080035cb   0x00003b60   Data   RO         5514    .constdata          fonts.o
    0x0800712b   0x0800712b   0x00000028   Data   RO         6067    .constdata          c_w.l(_printf_hex_int.o)
    0x08007153   0x08007153   0x00000001   PAD
    0x08007154   0x08007154   0x00000020   Data   RO         6315    Region$$Table       anon$$obj.o


    Execution Region RW_IRAM1 (Exec base: 0x20000000, Load base: 0x08007174, Size: 0x000007c0, Max: 0x00020000, ABSOLUTE)

    Exec Addr    Load Addr    Size         Type   Attr      Idx    E Section Name        Object

    0x20000000   0x08007174   0x00000008   Data   RW         5267    .data               delay.o
    0x20000008   0x0800717c   0x00000005   Data   RW         5357    .data               test_main.o
    0x2000000d   0x08007181   0x00000003   PAD
    0x20000010   0x08007184   0x00000018   Data   RW         5515    .data               fonts.o
    0x20000028   0x0800719c   0x00000010   Data   RW         5569    .data               bsp_ili9341_lcd.o
    0x20000038   0x080071ac   0x00000004   Data   RW         5772    .data               bsp_debug_usart.o
    0x2000003c   0x080071b0   0x00000004   PAD
    0x20000040   0x080071b4   0x00000031   Data   RW         5853    .data               bsp_xpt2046_lcd.o
    0x20000071   0x080071e5   0x00000001   Data   RW         5956    .data               ws2812.o
    0x20000072   0x080071e6   0x00000002   PAD
    0x20000074        -       0x000000e8   Zero   RW         5955    .bss                ws2812.o
    0x2000015c        -       0x00000060   Zero   RW         6191    .bss                c_w.l(libspace.o)
    0x200001bc   0x080071e6   0x00000004   PAD
    0x200001c0        -       0x00000200   Zero   RW            2    HEAP                startup_stm32f40xx.o
    0x200003c0        -       0x00000400   Zero   RW            1    STACK               startup_stm32f40xx.o


==============================================================================

Image component sizes


      Code (inc. data)   RO Data    RW Data    ZI Data      Debug   Object Name

        52          4          0          4          0       3070   bsp_debug_usart.o
      3598        172          0         16          0      20318   bsp_ili9341_lcd.o
      1204         38          0         49          0      10057   bsp_xpt2046_lcd.o
       148          8          0          8          0       1877   delay.o
         0          0      15200         24          0       1357   fonts.o
       140         24          0          0          0     242367   misc.o
        64         26        392          0       1536        864   startup_stm32f40xx.o
         0          0          0          0          0       1640   stm32f4xx_adc.o
       148          6          0          0          0       3444   stm32f4xx_exti.o
       344         16          0          0          0       9965   stm32f4xx_fsmc.o
       240          0          0          0          0      10607   stm32f4xx_gpio.o
        24          0          0          0          0       3660   stm32f4xx_it.o
       128         24          0          0          0       2308   stm32f4xx_rcc.o
        64          4          0          0          0        640   stm32f4xx_syscfg.o
      1506         66          0          0          0      38037   stm32f4xx_tim.o
        34          0          0          0          0       7919   stm32f4xx_usart.o
       340         32          0          0          0      40817   system_stm32f4xx.o
      1878        282          7          5          0       9180   test_main.o
       692         76          0          1        232      32334   ws2812.o

    ----------------------------------------------------------------------
     10630        778      15631        116       1768     440461   Object Totals
         0          0         32          0          0          0   (incl. Generated)
        26          0          0          9          0          0   (incl. Padding)

    ----------------------------------------------------------------------

      Code (inc. data)   RO Data    RW Data    ZI Data      Debug   Library Member Name

         8          0          0          0          0         68   __main.o
       284          0          0          0          0        156   __printf_wp.o
         0          0          0          0          0          0   __rtentry.o
        12          0          0          0          0          0   __rtentry2.o
         6          0          0          0          0          0   __rtentry4.o
        52          8          0          0          0          0   __scatter.o
        26          0          0          0          0          0   __scatter_copy.o
        28          0          0          0          0          0   __scatter_zi.o
        48          6          0          0          0         96   _printf_char_common.o
        36          4          0          0          0         80   _printf_char_file.o
         6          0          0          0          0          0   _printf_d.o
       120         16          0          0          0         92   _printf_dec.o
        88          4         40          0          0         88   _printf_hex_int.o
       178          0          0          0          0         88   _printf_intcommon.o
        78          0          0          0          0        108   _printf_pad.o
         0          0          0          0          0          0   _printf_percent.o
         4          0          0          0          0          0   _printf_percent_end.o
         6          0          0          0          0          0   _printf_u.o
         6          0          0          0          0          0   _printf_x.o
        10          0          0          0          0         68   _sputc.o
        18          0          0          0          0         80   exit.o
         8          0          0          0          0         68   ferror.o
         6          0          0          0          0        152   heapauxi.o
         2          0          0          0          0          0   libinit.o
         6          0          0          0          0          0   libinit2.o
         2          0          0          0          0          0   libshutdown.o
         2          0          0          0          0          0   libshutdown2.o
         8          4          0          0         96         68   libspace.o
        24          4          0          0          0         84   noretval__2printf.o
        40          6          0          0          0         84   noretval__2sprintf.o
        78          0          0          0          0         80   rt_memclr_w.o
         2          0          0          0          0          0   rtexit.o
        10          0          0          0          0          0   rtexit2.o
        74          0          0          0          0         80   sys_stackheap_outer.o
         2          0          0          0          0         68   use_no_semi.o
         2          0          0          0          0         68   use_no_semi_2.o
       804         16          0          0          0        368   daddsub_clz.o
        90          4          0          0          0        140   dfixu.o
        38          0          0          0          0        116   dflt_clz.o
       340         12          0          0          0        152   dmul.o
       156          4          0          0          0        140   dnaninf.o
        12          0          0          0          0        116   dretinf.o
        10          0          0          0          0        116   fpinit.o
         0          0          0          0          0          0   usenofp.o

    ----------------------------------------------------------------------
      2742         88         41          0        100       2824   Library Totals
        12          0          1          0          4          0   (incl. Padding)

    ----------------------------------------------------------------------

      Code (inc. data)   RO Data    RW Data    ZI Data      Debug   Library Name

      1280         52         40          0         96       1676   c_w.l
      1450         36          0          0          0       1148   fz_wm.l

    ----------------------------------------------------------------------
      2742         88         41          0        100       2824   Library Totals

    ----------------------------------------------------------------------

==============================================================================


      Code (inc. data)   RO Data    RW Data    ZI Data      Debug   

     13372        866      15672        116       1868     430853   Grand Totals
     13372        866      15672        116       1868     430853   ELF Image Totals
     13372        866      15672        116          0          0   ROM Totals

==============================================================================

    Total RO  Size (Code + RO Data)                29044 (  28.36kB)
    Total RW  Size (RW Data + ZI Data)              1984 (   1.94kB)
    Total ROM Size (Code + RO Data + RW Data)      29160 (  28.48kB)

==============================================================================

